[2026-06-18T22:09:48.1677815+05:30] START stage1
2026-06-18 22:12:18 INFO dataset: Stage1 intent=Information Retrieval created=1 total=1
2026-06-18 22:14:28 INFO dataset: Stage1 intent=Entertainment created=1 total=1
2026-06-18 22:17:01 INFO dataset: Stage1 intent=product_lookup created=1 total=1
2026-06-18 22:20:03 ERROR dataset: Stage1 error intent=Booking: The read operation timed out
2026-06-18 22:23:05 ERROR dataset: Stage1 error intent=Booking: The read operation timed out
2026-06-18 22:26:07 ERROR dataset: Stage1 error intent=Booking: The read operation timed out
2026-06-18 22:29:08 ERROR dataset: Stage1 error intent=Booking: The read operation timed out
2026-06-18 22:32:10 ERROR dataset: Stage1 error intent=Booking: The read operation timed out
2026-06-18 22:35:12 ERROR dataset: Stage1 error intent=Booking: The read operation timed out
2026-06-18 22:38:14 ERROR dataset: Stage1 error intent=Booking: The read operation timed out
2026-06-18 22:41:15 ERROR dataset: Stage1 error intent=Booking: The read operation timed out
2026-06-18 22:44:17 ERROR dataset: Stage1 error intent=Booking: The read operation timed out
2026-06-18 22:47:19 ERROR dataset: Stage1 error intent=Booking: The read operation timed out
2026-06-18 22:50:21 ERROR dataset: Stage1 error intent=Booking: The read operation timed out
2026-06-18 22:53:22 ERROR dataset: Stage1 error intent=Booking: The read operation timed out
2026-06-18 22:56:24 ERROR dataset: Stage1 error intent=Booking: The read operation timed out
2026-06-18 22:59:26 ERROR dataset: Stage1 error intent=Booking: The read operation timed out
2026-06-18 23:02:27 ERROR dataset: Stage1 error intent=Booking: The read operation timed out
2026-06-18 23:05:29 ERROR dataset: Stage1 error intent=Booking: The read operation timed out
2026-06-18 23:08:31 ERROR dataset: Stage1 error intent=Booking: The read operation timed out
2026-06-18 23:11:33 ERROR dataset: Stage1 error intent=Booking: The read operation timed out
2026-06-18 23:14:34 ERROR dataset: Stage1 error intent=Booking: The read operation timed out
2026-06-18 23:17:36 ERROR dataset: Stage1 error intent=Booking: The read operation timed out
2026-06-18 23:20:38 ERROR dataset: Stage1 error intent=Booking: The read operation timed out
2026-06-18 23:23:39 ERROR dataset: Stage1 error intent=Booking: The read operation timed out
2026-06-18 23:26:41 ERROR dataset: Stage1 error intent=Booking: The read operation timed out
2026-06-18 23:29:39 INFO dataset: Stage1 intent=Booking created=1 total=1
2026-06-18 23:31:47 INFO dataset: Stage1 intent=weather created=1 total=1
2026-06-18 23:34:48 ERROR dataset: Stage1 error intent=data visualisation: The read operation timed out
2026-06-18 23:37:16 INFO dataset: Stage1 intent=data visualisation created=1 total=1
2026-06-18 23:39:38 INFO dataset: Stage1 intent=Planning created=1 total=1
2026-06-18 23:42:02 INFO dataset: Stage1 intent=productivity created=1 total=1
