[2026-06-18T22:19:18.9498454+05:30] START stage1
2026-06-18 22:19:20 INFO dataset: Stage1 intent=Information Retrieval created=1 total=1
2026-06-18 22:19:20 INFO dataset: Stage1 intent=Entertainment created=1 total=1
2026-06-18 22:19:20 INFO dataset: Stage1 intent=product_lookup created=1 total=1
2026-06-18 22:22:22 ERROR dataset: Stage1 error intent=Booking: The read operation timed out
2026-06-18 22:25:23 ERROR dataset: Stage1 error intent=Booking: The read operation timed out
2026-06-18 22:28:25 ERROR dataset: Stage1 error intent=Booking: The read operation timed out
2026-06-18 22:31:27 ERROR dataset: Stage1 error intent=Booking: The read operation timed out
2026-06-18 22:34:29 ERROR dataset: Stage1 error intent=Booking: The read operation timed out
2026-06-18 22:37:30 ERROR dataset: Stage1 error intent=Booking: The read operation timed out
2026-06-18 22:40:32 INFO dataset: Stage1 intent=Booking created=1 total=1
2026-06-18 22:43:15 INFO dataset: Stage1 intent=weather created=1 total=1
2026-06-18 22:45:44 INFO dataset: Stage1 intent=data visualisation created=1 total=1
2026-06-18 22:48:00 INFO dataset: Stage1 intent=Planning created=1 total=1
2026-06-18 22:50:12 INFO dataset: Stage1 intent=productivity created=1 total=1
2026-06-18 22:53:14 ERROR dataset: Stage1 error intent=Recipe: The read operation timed out
2026-06-18 22:56:07 INFO dataset: Stage1 intent=Recipe created=1 total=1
2026-06-18 22:58:06 INFO dataset: Stage1 intent=Localization created=1 total=1
2026-06-18 22:59:54 INFO dataset: Stage1 intent=Technical support created=1 total=1
2026-06-18 23:02:00 INFO dataset: Stage1 intent=Creating Writing created=1 total=1
2026-06-18 23:04:59 INFO dataset: Stage1 intent=Event Schedule created=1 total=1
2026-06-18 23:08:01 ERROR dataset: Stage1 error intent=Research Analysis: The read operation timed out
2026-06-18 23:10:52 INFO dataset: Stage1 intent=Research Analysis created=1 total=1
2026-06-18 23:12:54 INFO dataset: Stage1 intent=Comparison created=1 total=1
2026-06-18 23:15:56 ERROR dataset: Stage1 error intent=calculation: The read operation timed out
2026-06-18 23:18:36 INFO dataset: Stage1 intent=calculation created=1 total=1
2026-06-18 23:20:54 INFO dataset: Stage1 intent=Travel created=1 total=1
2026-06-18 23:23:55 ERROR dataset: Stage1 error intent=Navigation: The read operation timed out
2026-06-18 23:26:57 ERROR dataset: Stage1 error intent=Navigation: The read operation timed out
2026-06-18 23:29:56 INFO dataset: Stage1 intent=Navigation created=1 total=1
2026-06-18 23:32:15 INFO dataset: Stage1 intent=Education created=1 total=1
2026-06-18 23:34:57 INFO dataset: Stage1 intent=Documentation created=1 total=1
2026-06-18 23:37:59 ERROR dataset: Stage1 error intent=media playback: The read operation timed out
2026-06-18 23:41:00 ERROR dataset: Stage1 error intent=media playback: The read operation timed out
