2026-02-14 23:31:37 INFO dataset: Stage2 created response_id=r_001374_01
2026-02-14 23:32:05 WARNING dataset: Stage2 asset download failed url=https://upload.wikimedia.org/wikipedia/commons/thumb/5/5e/2020_Toyota_Corolla_LE%2C_front_4.20.20.jpg/640px-2020_Toyota_Corolla_LE%2C_front_4.20.20.jpg err=HTTP Error 403: Forbidden
2026-02-14 23:32:05 WARNING dataset: Stage2 asset download failed url=https://upload.wikimedia.org/wikipedia/commons/thumb/c/c7/SFO_AirTrain_Blue_Line_at_Rental_Car_Center_station%2C_July_2018.JPG/640px-SFO_AirTrain_Blue_Line_at_Rental_Car_Center_station%2C_July_2018.JPG err=HTTP Error 403: Forbidden
2026-02-14 23:32:05 INFO dataset: Stage2 created response_id=r_000264_01
2026-02-14 23:32:33 WARNING dataset: Stage2 asset download failed url=https://upload.wikimedia.org/wikipedia/commons/thumb/2/2e/Risotto_ai_funghi_porcini.jpg/640px-Risotto_ai_funghi_porcini.jpg err=HTTP Error 403: Forbidden
2026-02-14 23:32:33 WARNING dataset: Stage2 asset download failed url=https://upload.wikimedia.org/wikipedia/commons/thumb/6/62/Arborio_rice.jpg/640px-Arborio_rice.jpg err=HTTP Error 403: Forbidden
2026-02-14 23:32:34 WARNING dataset: Stage2 asset download failed url=https://upload.wikimedia.org/wikipedia/commons/thumb/5/5b/Vegan_friendly_icon.svg/48px-Vegan_friendly_icon.svg.png err=HTTP Error 403: Forbidden
2026-02-14 23:32:34 WARNING dataset: Stage2 asset download failed url=https://upload.wikimedia.org/wikipedia/commons/thumb/0/08/Simple_icon_time.svg/48px-Simple_icon_time.svg.png err=HTTP Error 403: Forbidden
2026-02-14 23:32:34 INFO dataset: Stage2 created response_id=r_000701_01
2026-02-14 23:33:20 INFO dataset: Stage2 created response_id=r_000175_01
2026-02-14 23:33:48 WARNING dataset: Stage2 asset download failed url=https://images.unsplash.com/photo-1610890716271-e2fe9e9b0d6b err=HTTP Error 404: Not Found
2026-02-14 23:33:50 INFO dataset: Stage2 created response_id=r_000090_01
2026-02-14 23:34:29 INFO dataset: Stage2 created response_id=r_001047_01
2026-02-14 23:35:14 WARNING dataset: Stage2 asset download failed url=https://upload.wikimedia.org/wikipedia/commons/thumb/e/e2/Fushimi_Inari_Taisha_Senbon_Torii.jpg/800px-Fushimi_Inari_Taisha_Senbon_Torii.jpg err=HTTP Error 403: Forbidden
2026-02-14 23:35:14 WARNING dataset: Stage2 asset download failed url=https://upload.wikimedia.org/wikipedia/commons/thumb/0/07/Bamboo_forest_in_Arashiyama%2C_Kyoto%2C_Japan.jpg/800px-Bamboo_forest_in_Arashiyama%2C_Kyoto%2C_Japan.jpg err=HTTP Error 403: Forbidden
2026-02-14 23:35:14 WARNING dataset: Stage2 asset download failed url=https://upload.wikimedia.org/wikipedia/commons/thumb/2/25/Kinkaku.jpg/800px-Kinkaku.jpg err=HTTP Error 403: Forbidden
2026-02-14 23:35:15 WARNING dataset: Stage2 asset download failed url=https://upload.wikimedia.org/wikipedia/commons/thumb/6/67/Macaca_fuscata_at_Iwatayama_Monkey_Park_001.jpg/800px-Macaca_fuscata_at_Iwatayama_Monkey_Park_001.jpg err=HTTP Error 403: Forbidden
2026-02-14 23:35:15 WARNING dataset: Stage2 asset download failed url=https://upload.wikimedia.org/wikipedia/commons/thumb/6/6f/Shinto_torii_icon.svg/64px-Shinto_torii_icon.svg.png err=HTTP Error 403: Forbidden
2026-02-14 23:35:15 WARNING dataset: Stage2 asset download failed url=https://upload.wikimedia.org/wikipedia/commons/thumb/2/22/Aiga_rail_transportation.svg/64px-Aiga_rail_transportation.svg.png err=HTTP Error 403: Forbidden
2026-02-14 23:35:15 WARNING dataset: Stage2 asset download failed url=https://upload.wikimedia.org/wikipedia/commons/thumb/4/4c/Nature_icon.svg/64px-Nature_icon.svg.png err=HTTP Error 403: Forbidden
2026-02-14 23:35:15 INFO dataset: Stage2 created response_id=r_000784_01
2026-02-14 23:35:41 WARNING dataset: Stage2 asset download failed url=https://upload.wikimedia.org/wikipedia/commons/thumb/c/c6/Wat_Arun_Temple_at_sunset.jpg/640px-Wat_Arun_Temple_at_sunset.jpg err=HTTP Error 403: Forbidden
2026-02-14 23:35:41 WARNING dataset: Stage2 asset download failed url=https://upload.wikimedia.org/wikipedia/commons/thumb/e/e3/Hanoi_street_scene.jpg/640px-Hanoi_street_scene.jpg err=HTTP Error 403: Forbidden
2026-02-14 23:35:41 WARNING dataset: Stage2 asset download failed url=https://upload.wikimedia.org/wikipedia/commons/thumb/1/15/Weather-clear.svg/120px-Weather-clear.svg.png err=HTTP Error 403: Forbidden
2026-02-14 23:35:41 WARNING dataset: Stage2 asset download failed url=https://upload.wikimedia.org/wikipedia/commons/thumb/3/35/Weather-heavy-overcast.svg/120px-Weather-heavy-overcast.svg.png err=HTTP Error 403: Forbidden
2026-02-14 23:35:41 INFO dataset: Stage2 created response_id=r_000351_01
2026-02-14 23:36:08 WARNING dataset: Stage2 asset download failed url=https://upload.wikimedia.org/wikipedia/commons/thumb/d/d0/Qr_code_01.png/480px-Qr_code_01.png err=HTTP Error 403: Forbidden
2026-02-14 23:36:09 WARNING dataset: Stage2 asset download failed url=https://upload.wikimedia.org/wikipedia/commons/thumb/8/84/EAN13.svg/640px-EAN13.svg.png err=HTTP Error 403: Forbidden
2026-02-14 23:36:09 WARNING dataset: Stage2 asset download failed url=https://upload.wikimedia.org/wikipedia/commons/thumb/8/87/Camera_icon.svg/640px-Camera_icon.svg.png err=HTTP Error 403: Forbidden
2026-02-14 23:36:09 WARNING dataset: Stage2 asset download failed url=https://upload.wikimedia.org/wikipedia/commons/thumb/e/e0/Barcode-icon.svg/640px-Barcode-icon.svg.png err=HTTP Error 403: Forbidden
2026-02-14 23:36:09 INFO dataset: Stage2 created response_id=r_001502_01
2026-02-14 23:36:36 WARNING dataset: Stage2 asset download failed url=https://upload.wikimedia.org/wikipedia/commons/thumb/b/b1/Warehouse_aisle.jpg/640px-Warehouse_aisle.jpg err=HTTP Error 403: Forbidden
2026-02-14 23:36:36 WARNING dataset: Stage2 asset download failed url=https://upload.wikimedia.org/wikipedia/commons/thumb/3/31/Hypermarket_interior_1.jpg/640px-Hypermarket_interior_1.jpg err=HTTP Error 403: Forbidden
2026-02-14 23:36:37 WARNING dataset: Stage2 asset download failed url=https://upload.wikimedia.org/wikipedia/commons/thumb/5/5f/Red_X.svg/48px-Red_X.svg err=HTTP Error 403: Forbidden
2026-02-14 23:36:37 WARNING dataset: Stage2 asset download failed url=https://upload.wikimedia.org/wikipedia/commons/thumb/0/03/Simple_gray_search_button.svg/48px-Simple_gray_search_button.svg err=HTTP Error 403: Forbidden
2026-02-14 23:36:37 INFO dataset: Stage2 created response_id=r_001590_01
