[2026-06-19T19:22:07.6457463+05:30] Cycle generation started run_id=dataset_gpt54_no_reasoning_p5_20260619_part03 model=azure_gpt54_benchmark target=4000 intent_count=32 k_per_intent=127
[2026-06-19T19:22:07.6603060+05:30] Prompts stage1=C:\Users\anupk\Documents\git\A2UI\dataset\data\runs\dataset_gpt54_no_reasoning_p5_20260619\_prompt_variants\query_gen_shard_03.md stage2=prompts/response_gen.md stage3=prompts/genui_gen_gemma_v12_structure_preserve.md prompt_cache=disabled reasoning=none
[2026-06-19T19:22:07.7881225+05:30] CYCLE 1 counts before queries=0 responses=0 genui=0
[2026-06-19T19:22:07.8595385+05:30] START stage1_cycle_1 output_log=C:\Users\anupk\Documents\git\A2UI\dataset\data\runs\dataset_gpt54_no_reasoning_p5_20260619_part03\stage1_cycle_1.output.log args=src/main.py --stage 1 --model azure_gpt54_benchmark --run_id dataset_gpt54_no_reasoning_p5_20260619_part03 --k_queries_per_intent 127 --max_queries_total 1000 --stage1_batch_size 16 --rate_limit_qps 0.5
[2026-06-19T20:05:32.1084670+05:30] END stage1_cycle_1
[2026-06-19T20:05:32.1516106+05:30] START stage2_cycle_1 output_log=C:\Users\anupk\Documents\git\A2UI\dataset\data\runs\dataset_gpt54_no_reasoning_p5_20260619_part03\stage2_cycle_1.output.log args=src/main.py --stage 2 --model azure_gpt54_benchmark --run_id dataset_gpt54_no_reasoning_p5_20260619_part03 --max_responses_total 1000 --stage2_batch_size 16 --stage2_response_batch_size 1 --rate_limit_qps 0.5
[2026-06-19T20:18:38.4685001+05:30] Cycle generation started run_id=dataset_gpt54_no_reasoning_p5_20260619_part03 model=azure_gpt54_benchmark target=4000 intent_count=32 k_per_intent=127
[2026-06-19T20:18:38.4921137+05:30] Prompts stage1=C:\Users\anupk\Documents\git\A2UI\dataset\data\runs\dataset_gpt54_no_reasoning_p5_20260619\_prompt_variants\query_gen_shard_03.md stage2=prompts/response_gen.md stage3=prompts/genui_gen_gemma_v12_structure_preserve.md prompt_cache=disabled reasoning=none mode=interleave_response_ir response_ir_chunk=16
[2026-06-19T20:18:38.6699195+05:30] CYCLE 1 counts before queries=1000 responses=32 genui=0
[2026-06-19T20:18:38.6790522+05:30] Interleave mode holding Stage1 until catch-up queries=1000 responses=32 genui=0
[2026-06-19T20:18:38.7390189+05:30] START stage2_cycle_1_from_32 output_log=C:\Users\anupk\Documents\git\A2UI\dataset\data\runs\dataset_gpt54_no_reasoning_p5_20260619_part03\stage2_cycle_1_from_32.output.log args=src/main.py --stage 2 --model azure_gpt54_benchmark --run_id dataset_gpt54_no_reasoning_p5_20260619_part03 --max_responses_total 16 --stage2_batch_size 16 --stage2_response_batch_size 1 --rate_limit_qps 0.5
[2026-06-19T20:23:47.5469570+05:30] END stage2_cycle_1_from_32
[2026-06-19T20:23:47.6073549+05:30] START stage3_cycle_1_from_0 output_log=C:\Users\anupk\Documents\git\A2UI\dataset\data\runs\dataset_gpt54_no_reasoning_p5_20260619_part03\stage3_cycle_1_from_0.output.log args=src/main.py --stage 3 --model azure_gpt54_benchmark --run_id dataset_gpt54_no_reasoning_p5_20260619_part03 --max_genui_total 16 --genui_batch_size 8 --rate_limit_qps 0.5
[2026-06-19T20:32:14.8921819+05:30] END stage3_cycle_1_from_0
[2026-06-19T20:32:14.9319799+05:30] START stage3_cycle_1_from_16 output_log=C:\Users\anupk\Documents\git\A2UI\dataset\data\runs\dataset_gpt54_no_reasoning_p5_20260619_part03\stage3_cycle_1_from_16.output.log args=src/main.py --stage 3 --model azure_gpt54_benchmark --run_id dataset_gpt54_no_reasoning_p5_20260619_part03 --max_genui_total 16 --genui_batch_size 8 --rate_limit_qps 0.5
[2026-06-19T20:43:04.4456590+05:30] END stage3_cycle_1_from_16
[2026-06-19T20:43:04.4783072+05:30] START stage3_cycle_1_from_32 output_log=C:\Users\anupk\Documents\git\A2UI\dataset\data\runs\dataset_gpt54_no_reasoning_p5_20260619_part03\stage3_cycle_1_from_32.output.log args=src/main.py --stage 3 --model azure_gpt54_benchmark --run_id dataset_gpt54_no_reasoning_p5_20260619_part03 --max_genui_total 16 --genui_batch_size 8 --rate_limit_qps 0.5
[2026-06-19T20:52:51.4765871+05:30] END stage3_cycle_1_from_32
[2026-06-19T20:52:51.6552131+05:30] START stage2_cycle_1_from_48 output_log=C:\Users\anupk\Documents\git\A2UI\dataset\data\runs\dataset_gpt54_no_reasoning_p5_20260619_part03\stage2_cycle_1_from_48.output.log args=src/main.py --stage 2 --model azure_gpt54_benchmark --run_id dataset_gpt54_no_reasoning_p5_20260619_part03 --max_responses_total 16 --stage2_batch_size 16 --stage2_response_batch_size 1 --rate_limit_qps 0.5
[2026-06-19T20:57:02.4117616+05:30] END stage2_cycle_1_from_48
[2026-06-19T20:57:02.5625025+05:30] START stage3_cycle_1_from_48 output_log=C:\Users\anupk\Documents\git\A2UI\dataset\data\runs\dataset_gpt54_no_reasoning_p5_20260619_part03\stage3_cycle_1_from_48.output.log args=src/main.py --stage 3 --model azure_gpt54_benchmark --run_id dataset_gpt54_no_reasoning_p5_20260619_part03 --max_genui_total 16 --genui_batch_size 8 --rate_limit_qps 0.5
[2026-06-19T21:06:54.9135686+05:30] END stage3_cycle_1_from_48
[2026-06-19T21:06:55.0238294+05:30] START stage2_cycle_1_from_64 output_log=C:\Users\anupk\Documents\git\A2UI\dataset\data\runs\dataset_gpt54_no_reasoning_p5_20260619_part03\stage2_cycle_1_from_64.output.log args=src/main.py --stage 2 --model azure_gpt54_benchmark --run_id dataset_gpt54_no_reasoning_p5_20260619_part03 --max_responses_total 16 --stage2_batch_size 16 --stage2_response_batch_size 1 --rate_limit_qps 0.5
[2026-06-19T21:11:41.1366410+05:30] END stage2_cycle_1_from_64
[2026-06-19T21:11:41.3048274+05:30] START stage3_cycle_1_from_64 output_log=C:\Users\anupk\Documents\git\A2UI\dataset\data\runs\dataset_gpt54_no_reasoning_p5_20260619_part03\stage3_cycle_1_from_64.output.log args=src/main.py --stage 3 --model azure_gpt54_benchmark --run_id dataset_gpt54_no_reasoning_p5_20260619_part03 --max_genui_total 16 --genui_batch_size 8 --rate_limit_qps 0.5
[2026-06-19T21:21:37.5681242+05:30] END stage3_cycle_1_from_64
[2026-06-19T21:21:37.6517259+05:30] START stage2_cycle_1_from_80 output_log=C:\Users\anupk\Documents\git\A2UI\dataset\data\runs\dataset_gpt54_no_reasoning_p5_20260619_part03\stage2_cycle_1_from_80.output.log args=src/main.py --stage 2 --model azure_gpt54_benchmark --run_id dataset_gpt54_no_reasoning_p5_20260619_part03 --max_responses_total 16 --stage2_batch_size 16 --stage2_response_batch_size 1 --rate_limit_qps 0.5
[2026-06-19T21:25:57.6003160+05:30] END stage2_cycle_1_from_80
[2026-06-19T21:25:57.7322906+05:30] START stage3_cycle_1_from_80 output_log=C:\Users\anupk\Documents\git\A2UI\dataset\data\runs\dataset_gpt54_no_reasoning_p5_20260619_part03\stage3_cycle_1_from_80.output.log args=src/main.py --stage 3 --model azure_gpt54_benchmark --run_id dataset_gpt54_no_reasoning_p5_20260619_part03 --max_genui_total 16 --genui_batch_size 8 --rate_limit_qps 0.5
[2026-06-19T21:35:04.4033345+05:30] END stage3_cycle_1_from_80
[2026-06-19T21:35:04.5142821+05:30] START stage2_cycle_1_from_96 output_log=C:\Users\anupk\Documents\git\A2UI\dataset\data\runs\dataset_gpt54_no_reasoning_p5_20260619_part03\stage2_cycle_1_from_96.output.log args=src/main.py --stage 2 --model azure_gpt54_benchmark --run_id dataset_gpt54_no_reasoning_p5_20260619_part03 --max_responses_total 16 --stage2_batch_size 16 --stage2_response_batch_size 1 --rate_limit_qps 0.5
[2026-06-19T21:39:45.0606431+05:30] END stage2_cycle_1_from_96
[2026-06-19T21:39:45.1867562+05:30] START stage3_cycle_1_from_96 output_log=C:\Users\anupk\Documents\git\A2UI\dataset\data\runs\dataset_gpt54_no_reasoning_p5_20260619_part03\stage3_cycle_1_from_96.output.log args=src/main.py --stage 3 --model azure_gpt54_benchmark --run_id dataset_gpt54_no_reasoning_p5_20260619_part03 --max_genui_total 16 --genui_batch_size 8 --rate_limit_qps 0.5
[2026-06-19T21:49:55.6160129+05:30] END stage3_cycle_1_from_96
[2026-06-19T21:49:55.8812604+05:30] START stage2_cycle_1_from_112 output_log=C:\Users\anupk\Documents\git\A2UI\dataset\data\runs\dataset_gpt54_no_reasoning_p5_20260619_part03\stage2_cycle_1_from_112.output.log args=src/main.py --stage 2 --model azure_gpt54_benchmark --run_id dataset_gpt54_no_reasoning_p5_20260619_part03 --max_responses_total 16 --stage2_batch_size 16 --stage2_response_batch_size 1 --rate_limit_qps 0.5
[2026-06-19T21:54:21.9535167+05:30] END stage2_cycle_1_from_112
[2026-06-19T21:54:22.1225482+05:30] START stage3_cycle_1_from_112 output_log=C:\Users\anupk\Documents\git\A2UI\dataset\data\runs\dataset_gpt54_no_reasoning_p5_20260619_part03\stage3_cycle_1_from_112.output.log args=src/main.py --stage 3 --model azure_gpt54_benchmark --run_id dataset_gpt54_no_reasoning_p5_20260619_part03 --max_genui_total 16 --genui_batch_size 8 --rate_limit_qps 0.5
[2026-06-19T22:03:37.6407206+05:30] END stage3_cycle_1_from_112
[2026-06-19T22:03:37.7698174+05:30] START stage2_cycle_1_from_128 output_log=C:\Users\anupk\Documents\git\A2UI\dataset\data\runs\dataset_gpt54_no_reasoning_p5_20260619_part03\stage2_cycle_1_from_128.output.log args=src/main.py --stage 2 --model azure_gpt54_benchmark --run_id dataset_gpt54_no_reasoning_p5_20260619_part03 --max_responses_total 16 --stage2_batch_size 16 --stage2_response_batch_size 1 --rate_limit_qps 0.5
[2026-06-19T22:07:50.2251230+05:30] END stage2_cycle_1_from_128
[2026-06-19T22:07:50.3867342+05:30] START stage3_cycle_1_from_128 output_log=C:\Users\anupk\Documents\git\A2UI\dataset\data\runs\dataset_gpt54_no_reasoning_p5_20260619_part03\stage3_cycle_1_from_128.output.log args=src/main.py --stage 3 --model azure_gpt54_benchmark --run_id dataset_gpt54_no_reasoning_p5_20260619_part03 --max_genui_total 16 --genui_batch_size 8 --rate_limit_qps 0.5
[2026-06-19T22:15:26.3270505+05:30] END stage3_cycle_1_from_128
[2026-06-19T22:15:26.4779663+05:30] START stage2_cycle_1_from_144 output_log=C:\Users\anupk\Documents\git\A2UI\dataset\data\runs\dataset_gpt54_no_reasoning_p5_20260619_part03\stage2_cycle_1_from_144.output.log args=src/main.py --stage 2 --model azure_gpt54_benchmark --run_id dataset_gpt54_no_reasoning_p5_20260619_part03 --max_responses_total 16 --stage2_batch_size 16 --stage2_response_batch_size 1 --rate_limit_qps 0.5
[2026-06-19T22:20:28.5402974+05:30] END stage2_cycle_1_from_144
[2026-06-19T22:20:28.8293542+05:30] START stage3_cycle_1_from_144 output_log=C:\Users\anupk\Documents\git\A2UI\dataset\data\runs\dataset_gpt54_no_reasoning_p5_20260619_part03\stage3_cycle_1_from_144.output.log args=src/main.py --stage 3 --model azure_gpt54_benchmark --run_id dataset_gpt54_no_reasoning_p5_20260619_part03 --max_genui_total 16 --genui_batch_size 8 --rate_limit_qps 0.5
[2026-06-19T22:31:17.7631732+05:30] END stage3_cycle_1_from_144
[2026-06-19T22:31:17.8778372+05:30] START stage2_cycle_1_from_160 output_log=C:\Users\anupk\Documents\git\A2UI\dataset\data\runs\dataset_gpt54_no_reasoning_p5_20260619_part03\stage2_cycle_1_from_160.output.log args=src/main.py --stage 2 --model azure_gpt54_benchmark --run_id dataset_gpt54_no_reasoning_p5_20260619_part03 --max_responses_total 16 --stage2_batch_size 16 --stage2_response_batch_size 1 --rate_limit_qps 0.5
[2026-06-19T22:36:44.2940005+05:30] END stage2_cycle_1_from_160
[2026-06-19T22:36:44.4707914+05:30] START stage3_cycle_1_from_160 output_log=C:\Users\anupk\Documents\git\A2UI\dataset\data\runs\dataset_gpt54_no_reasoning_p5_20260619_part03\stage3_cycle_1_from_160.output.log args=src/main.py --stage 3 --model azure_gpt54_benchmark --run_id dataset_gpt54_no_reasoning_p5_20260619_part03 --max_genui_total 16 --genui_batch_size 8 --rate_limit_qps 0.5
[2026-06-19T22:45:49.6994847+05:30] END stage3_cycle_1_from_160
[2026-06-19T22:45:50.0454526+05:30] START stage2_cycle_1_from_176 output_log=C:\Users\anupk\Documents\git\A2UI\dataset\data\runs\dataset_gpt54_no_reasoning_p5_20260619_part03\stage2_cycle_1_from_176.output.log args=src/main.py --stage 2 --model azure_gpt54_benchmark --run_id dataset_gpt54_no_reasoning_p5_20260619_part03 --max_responses_total 16 --stage2_batch_size 16 --stage2_response_batch_size 1 --rate_limit_qps 0.5
[2026-06-19T22:50:46.9455156+05:30] END stage2_cycle_1_from_176
[2026-06-19T22:50:47.2914634+05:30] START stage3_cycle_1_from_176 output_log=C:\Users\anupk\Documents\git\A2UI\dataset\data\runs\dataset_gpt54_no_reasoning_p5_20260619_part03\stage3_cycle_1_from_176.output.log args=src/main.py --stage 3 --model azure_gpt54_benchmark --run_id dataset_gpt54_no_reasoning_p5_20260619_part03 --max_genui_total 16 --genui_batch_size 8 --rate_limit_qps 0.5
[2026-06-19T23:01:47.3928814+05:30] END stage3_cycle_1_from_176
[2026-06-19T23:01:47.7080603+05:30] START stage2_cycle_1_from_192 output_log=C:\Users\anupk\Documents\git\A2UI\dataset\data\runs\dataset_gpt54_no_reasoning_p5_20260619_part03\stage2_cycle_1_from_192.output.log args=src/main.py --stage 2 --model azure_gpt54_benchmark --run_id dataset_gpt54_no_reasoning_p5_20260619_part03 --max_responses_total 16 --stage2_batch_size 16 --stage2_response_batch_size 1 --rate_limit_qps 0.5
[2026-06-19T23:06:35.1336652+05:30] END stage2_cycle_1_from_192
[2026-06-19T23:06:35.2167634+05:30] START stage3_cycle_1_from_192 output_log=C:\Users\anupk\Documents\git\A2UI\dataset\data\runs\dataset_gpt54_no_reasoning_p5_20260619_part03\stage3_cycle_1_from_192.output.log args=src/main.py --stage 3 --model azure_gpt54_benchmark --run_id dataset_gpt54_no_reasoning_p5_20260619_part03 --max_genui_total 16 --genui_batch_size 8 --rate_limit_qps 0.5
[2026-06-19T23:16:06.9376800+05:30] END stage3_cycle_1_from_192
[2026-06-19T23:16:07.0491926+05:30] START stage2_cycle_1_from_208 output_log=C:\Users\anupk\Documents\git\A2UI\dataset\data\runs\dataset_gpt54_no_reasoning_p5_20260619_part03\stage2_cycle_1_from_208.output.log args=src/main.py --stage 2 --model azure_gpt54_benchmark --run_id dataset_gpt54_no_reasoning_p5_20260619_part03 --max_responses_total 16 --stage2_batch_size 16 --stage2_response_batch_size 1 --rate_limit_qps 0.5
[2026-06-19T23:20:27.6370102+05:30] END stage2_cycle_1_from_208
[2026-06-19T23:20:27.8494110+05:30] START stage3_cycle_1_from_208 output_log=C:\Users\anupk\Documents\git\A2UI\dataset\data\runs\dataset_gpt54_no_reasoning_p5_20260619_part03\stage3_cycle_1_from_208.output.log args=src/main.py --stage 3 --model azure_gpt54_benchmark --run_id dataset_gpt54_no_reasoning_p5_20260619_part03 --max_genui_total 16 --genui_batch_size 8 --rate_limit_qps 0.5
[2026-06-19T23:27:24.9707315+05:30] END stage3_cycle_1_from_208
[2026-06-19T23:27:25.1962539+05:30] START stage2_cycle_1_from_224 output_log=C:\Users\anupk\Documents\git\A2UI\dataset\data\runs\dataset_gpt54_no_reasoning_p5_20260619_part03\stage2_cycle_1_from_224.output.log args=src/main.py --stage 2 --model azure_gpt54_benchmark --run_id dataset_gpt54_no_reasoning_p5_20260619_part03 --max_responses_total 16 --stage2_batch_size 16 --stage2_response_batch_size 1 --rate_limit_qps 0.5
[2026-06-19T23:31:45.8369144+05:30] END stage2_cycle_1_from_224
[2026-06-19T23:31:46.2023438+05:30] START stage3_cycle_1_from_224 output_log=C:\Users\anupk\Documents\git\A2UI\dataset\data\runs\dataset_gpt54_no_reasoning_p5_20260619_part03\stage3_cycle_1_from_224.output.log args=src/main.py --stage 3 --model azure_gpt54_benchmark --run_id dataset_gpt54_no_reasoning_p5_20260619_part03 --max_genui_total 16 --genui_batch_size 8 --rate_limit_qps 0.5
[2026-06-20T00:00:47.3363353+05:30] Cycle generation started run_id=dataset_gpt54_no_reasoning_p5_20260619_part03 model=azure_gpt54_benchmark target=4000 intent_count=32 k_per_intent=127
[2026-06-20T00:00:47.3473046+05:30] Prompts stage1=C:\Users\anupk\Documents\git\A2UI\dataset\data\runs\dataset_gpt54_no_reasoning_p5_20260619\_prompt_variants\query_gen_shard_03.md stage2=prompts/response_gen.md stage3=prompts/genui_gen_gemma_v12_structure_preserve.md prompt_cache=disabled reasoning=none mode=interleave_response_ir response_ir_chunk=16
[2026-06-20T00:00:47.5198101+05:30] CYCLE 1 counts before queries=1000 responses=240 genui=230
[2026-06-20T00:00:47.5229660+05:30] Interleave mode holding Stage1 until catch-up queries=1000 responses=240 genui=230
[2026-06-20T00:00:47.5855739+05:30] START stage2_cycle_1_from_240 output_log=C:\Users\anupk\Documents\git\A2UI\dataset\data\runs\dataset_gpt54_no_reasoning_p5_20260619_part03\stage2_cycle_1_from_240.output.log args=src/main.py --stage 2 --model azure_gpt54_benchmark --run_id dataset_gpt54_no_reasoning_p5_20260619_part03 --max_responses_total 16 --stage2_batch_size 16 --stage2_response_batch_size 1 --rate_limit_qps 0.5
