2026-02-07 01:55:12 ERROR dataset: Stage3 error response_id=r_000001_01: batch_poll_error: <urlopen error [WinError 10054] An existing connection was forcibly closed by the remote host>
2026-02-07 01:55:12 INFO dataset: Stage3 aggregates stored at C:\Users\anupk\Documents\git\A2UI\dataset\data\runs\ab_model_g25flash20_20260207_015007\aggregates.json
2026-02-07 01:56:54 INFO dataset: Stage3 created ui_id=u_000001_01 schema_ok=True
2026-02-07 01:58:17 INFO dataset: Stage3 created ui_id=u_000002_01 schema_ok=True
2026-02-07 01:59:25 INFO dataset: Stage3 created ui_id=u_000003_01 schema_ok=True
2026-02-07 01:59:54 INFO dataset: Stage3 created ui_id=u_000004_01 schema_ok=True
2026-02-07 02:00:35 INFO dataset: Stage3 created ui_id=u_000005_01 schema_ok=True
2026-02-07 02:01:06 INFO dataset: Stage3 created ui_id=u_000021_01 schema_ok=True
2026-02-07 02:01:38 INFO dataset: Stage3 created ui_id=u_000022_01 schema_ok=True
2026-02-07 02:03:00 INFO dataset: Stage3 created ui_id=u_000023_01 schema_ok=True
2026-02-07 02:03:30 INFO dataset: Stage3 created ui_id=u_000024_01 schema_ok=True
2026-02-07 02:03:58 INFO dataset: Stage3 created ui_id=u_000025_01 schema_ok=True
2026-02-07 02:04:29 INFO dataset: Stage3 created ui_id=u_000026_01 schema_ok=True
2026-02-07 02:05:08 INFO dataset: Stage3 created ui_id=u_000027_01 schema_ok=True
2026-02-07 02:05:36 INFO dataset: Stage3 created ui_id=u_000031_01 schema_ok=True
2026-02-07 02:06:12 INFO dataset: Stage3 created ui_id=u_000032_01 schema_ok=True
2026-02-07 02:06:42 INFO dataset: Stage3 created ui_id=u_000033_01 schema_ok=True
2026-02-07 02:07:17 INFO dataset: Stage3 created ui_id=u_000034_01 schema_ok=True
2026-02-07 02:07:50 INFO dataset: Stage3 created ui_id=u_000035_01 schema_ok=True
2026-02-07 02:08:15 INFO dataset: Stage3 created ui_id=u_000036_01 schema_ok=True
2026-02-07 02:08:49 INFO dataset: Stage3 created ui_id=u_000037_01 schema_ok=True
2026-02-07 02:09:21 INFO dataset: Stage3 created ui_id=u_000038_01 schema_ok=True
2026-02-07 02:09:21 INFO dataset: Stage3 aggregates stored at C:\Users\anupk\Documents\git\A2UI\dataset\data\runs\ab_model_g25flash20_20260207_015007\aggregates.json
2026-02-07 02:09:21 INFO dataset: Stage3 complete.
2026-02-07 11:42:42 INFO dataset: Stage4 HTTP server started on port 63547
2026-02-07 11:43:03 ERROR dataset: Stage4 render error ui_id=u_000023_01: render_error: Page.wait_for_function: Timeout 15000ms exceeded.; console: error: Failed to load GenUICraft Lit renderer Error: Invalid data; expected Column
    at A2uiMessageProcessor.buildNodeRecursive (http://127.0.0.1:63547/renderer/lit/vendor/a2ui/0.8/data/model-processor.js:431:27)
    at A2uiMessageProcessor.rebuildComponentTree (http://127.0.0.1:63547/renderer/lit/vendor/a2ui/0.8/data/model-processor.js:333:38)
    at A2uiMessageProcessor.handleSurfaceUpdate (http://127.0.0.1:63547/renderer/lit/vendor/a2ui/0.8/data/model-processor.js:307:14)
    at A2uiMessageProcessor.processMessages (http://127.0.0.1:63547/renderer/lit/vendor/a2ui/0.8/data/model-processor.js:47:22)
    at renderMessages (http://127.0.0.1:63547/data/runs/ab_model_g25flash20_20260207_015007/rendered/u_000023_01.html:316:23)
    at init (http://127.0.0.1:63547/data/runs/ab_model_g25flash20_20260207_015007/rendered/u_000023_01.html:329:13)
2026-02-07 11:43:13 INFO dataset: Stage4 complete. Rendered outputs stored at C:\Users\anupk\Documents\git\A2UI\dataset\data\runs\ab_model_g25flash20_20260207_015007\rendered
