2026-02-07 14:21:59 INFO dataset: Stage3 created ui_id=u_000001_01 schema_ok=True
2026-02-07 14:23:20 INFO dataset: Stage3 created ui_id=u_000002_01 schema_ok=True
2026-02-07 14:24:51 INFO dataset: Stage3 created ui_id=u_000021_01 schema_ok=True
2026-02-07 14:26:25 INFO dataset: Stage3 created ui_id=u_000022_01 schema_ok=True
2026-02-07 14:27:05 INFO dataset: Stage3 created ui_id=u_000031_01 schema_ok=True
2026-02-07 14:27:34 INFO dataset: Stage3 created ui_id=u_000032_01 schema_ok=True
2026-02-07 14:28:53 INFO dataset: Stage3 created ui_id=u_000041_01 schema_ok=True
2026-02-07 14:29:35 INFO dataset: Stage3 created ui_id=u_000042_01 schema_ok=True
2026-02-07 14:30:03 INFO dataset: Stage3 created ui_id=u_000051_01 schema_ok=True
2026-02-07 14:31:27 INFO dataset: Stage3 created ui_id=u_000052_01 schema_ok=True
2026-02-07 14:33:07 INFO dataset: Stage3 created ui_id=u_000201_01 schema_ok=True
2026-02-07 14:34:47 INFO dataset: Stage3 created ui_id=u_000202_01 schema_ok=True
2026-02-07 14:35:19 INFO dataset: Stage3 created ui_id=u_000241_01 schema_ok=True
2026-02-07 14:36:30 INFO dataset: Stage3 created ui_id=u_000242_01 schema_ok=True
2026-02-07 14:37:33 INFO dataset: Stage3 created ui_id=u_000281_01 schema_ok=True
2026-02-07 14:39:04 INFO dataset: Stage3 created ui_id=u_000282_01 schema_ok=True
2026-02-07 14:39:30 INFO dataset: Stage3 created ui_id=u_000321_01 schema_ok=True
2026-02-07 14:39:46 INFO dataset: Stage3 created ui_id=u_000322_01 schema_ok=True
2026-02-07 14:40:58 INFO dataset: Stage3 created ui_id=u_000361_01 schema_ok=True
2026-02-07 14:42:29 INFO dataset: Stage3 created ui_id=u_000362_01 schema_ok=True
2026-02-07 14:43:58 INFO dataset: Stage3 created ui_id=u_000401_01 schema_ok=True
2026-02-07 14:45:20 INFO dataset: Stage3 created ui_id=u_000402_01 schema_ok=True
2026-02-07 14:45:47 INFO dataset: Stage3 created ui_id=u_000441_01 schema_ok=True
2026-02-07 14:46:42 INFO dataset: Stage3 created ui_id=u_000442_01 schema_ok=True
2026-02-07 14:48:07 INFO dataset: Stage3 created ui_id=u_000462_01 schema_ok=True
2026-02-07 14:49:09 INFO dataset: Stage3 created ui_id=u_000481_01 schema_ok=True
2026-02-07 14:50:22 INFO dataset: Stage3 created ui_id=u_000482_01 schema_ok=True
2026-02-07 14:52:01 INFO dataset: Stage3 created ui_id=u_000512_01 schema_ok=True
2026-02-07 14:52:38 INFO dataset: Stage3 created ui_id=u_000521_01 schema_ok=True
2026-02-07 14:53:03 INFO dataset: Stage3 created ui_id=u_000522_01 schema_ok=True
2026-02-07 14:54:18 INFO dataset: Stage3 created ui_id=u_000561_01 schema_ok=True
2026-02-07 14:54:43 INFO dataset: Stage3 created ui_id=u_000562_01 schema_ok=True
2026-02-07 14:56:16 INFO dataset: Stage3 created ui_id=u_000601_01 schema_ok=True
2026-02-07 14:57:04 INFO dataset: Stage3 created ui_id=u_000602_01 schema_ok=True
2026-02-07 14:57:39 INFO dataset: Stage3 created ui_id=u_000605_01 schema_ok=True
2026-02-07 14:59:11 INFO dataset: Stage3 created ui_id=u_000641_01 schema_ok=True
2026-02-07 14:59:55 INFO dataset: Stage3 created ui_id=u_000642_01 schema_ok=True
2026-02-07 15:01:28 INFO dataset: Stage3 created ui_id=u_000681_01 schema_ok=True
2026-02-07 15:02:58 INFO dataset: Stage3 created ui_id=u_000682_01 schema_ok=True
2026-02-07 15:04:38 INFO dataset: Stage3 created ui_id=u_000721_01 schema_ok=True
2026-02-07 15:05:13 INFO dataset: Stage3 created ui_id=u_000722_01 schema_ok=True
2026-02-07 15:05:36 INFO dataset: Stage3 created ui_id=u_000761_01 schema_ok=True
2026-02-07 15:05:56 INFO dataset: Stage3 created ui_id=u_000762_01 schema_ok=True
2026-02-07 15:06:19 INFO dataset: Stage3 created ui_id=u_000801_01 schema_ok=True
2026-02-07 15:06:47 INFO dataset: Stage3 created ui_id=u_000802_01 schema_ok=True
2026-02-07 15:07:24 INFO dataset: Stage3 created ui_id=u_000841_01 schema_ok=True
2026-02-07 15:08:35 INFO dataset: Stage3 created ui_id=u_000842_01 schema_ok=True
2026-02-07 15:09:01 INFO dataset: Stage3 created ui_id=u_000881_01 schema_ok=True
2026-02-07 15:10:03 INFO dataset: Stage3 created ui_id=u_000882_01 schema_ok=True
2026-02-07 15:11:10 INFO dataset: Stage3 created ui_id=u_000884_01 schema_ok=True
2026-02-07 15:11:10 INFO dataset: Stage3 aggregates stored at C:\Users\anupk\Documents\git\A2UI\dataset\data\runs\subset50_g3flash_20260207_121329\aggregates.json
2026-02-07 15:11:10 INFO dataset: Stage3 complete.
2026-02-08 02:05:41 INFO dataset: Stage4 HTTP server started on port 58290
2026-02-08 02:06:23 INFO dataset: Stage4 complete. Rendered outputs stored at C:\Users\anupk\Documents\git\A2UI\dataset\data\runs\subset50_g3flash_20260207_121329\rendered
2026-02-09 15:39:30 INFO dataset: Stage4 HTTP server started on port 64740
2026-02-09 15:39:30 INFO dataset: Stage4 rendering 50 images with 10 workers
2026-02-09 15:39:49 INFO dataset: Stage4 complete. Rendered outputs stored at C:\Users\anupk\Documents\git\A2UI\dataset\data\runs\subset50_g3flash_20260207_121329\rendered
2026-02-09 15:43:16 INFO dataset: Stage4 HTTP server started on port 50095
2026-02-09 15:43:17 INFO dataset: Stage4 complete. Rendered outputs stored at C:\Users\anupk\Documents\git\A2UI\dataset\data\runs\subset50_g3flash_20260207_121329\rendered
2026-02-10 00:54:49 INFO dataset: Stage4 HTTP server started on port 50828
2026-02-10 00:55:38 INFO dataset: Stage4 complete. Rendered outputs stored at C:\Users\anupk\Documents\git\A2UI\dataset\data\runs\subset50_g3flash_20260207_121329\rendered
2026-02-18 01:23:43 INFO dataset: Stage4 HTTP server started on port 54928
2026-02-18 01:25:00 INFO dataset: Stage4 complete. Rendered outputs stored at C:\Users\anupk\Documents\git\A2UI\dataset\data\runs\subset50_g3flash_20260207_121329\rendered
2026-02-18 02:26:24 INFO dataset: Stage4 HTTP server started on port 56232
2026-02-18 02:26:25 INFO dataset: Stage4 complete. Rendered outputs stored at C:\Users\anupk\Documents\git\A2UI\dataset\data\runs\subset50_g3flash_20260207_121329\rendered
