2026-02-07 02:11:37 INFO dataset: Stage3 created ui_id=u_000001_01 schema_ok=True
2026-02-07 02:12:42 INFO dataset: Stage3 created ui_id=u_000002_01 schema_ok=True
2026-02-07 02:13:25 INFO dataset: Stage3 created ui_id=u_000003_01 schema_ok=True
2026-02-07 02:14:13 INFO dataset: Stage3 created ui_id=u_000004_01 schema_ok=True
2026-02-07 02:15:10 INFO dataset: Stage3 created ui_id=u_000005_01 schema_ok=True
2026-02-07 02:16:00 INFO dataset: Stage3 created ui_id=u_000021_01 schema_ok=True
2026-02-07 02:16:38 INFO dataset: Stage3 created ui_id=u_000022_01 schema_ok=True
2026-02-07 02:18:44 INFO dataset: Stage3 created ui_id=u_000023_01 schema_ok=True
2026-02-07 02:19:30 INFO dataset: Stage3 created ui_id=u_000024_01 schema_ok=True
2026-02-07 02:20:07 INFO dataset: Stage3 created ui_id=u_000025_01 schema_ok=True
2026-02-07 02:21:08 INFO dataset: Stage3 created ui_id=u_000026_01 schema_ok=True
2026-02-07 02:22:13 INFO dataset: Stage3 created ui_id=u_000027_01 schema_ok=True
2026-02-07 02:22:53 INFO dataset: Stage3 created ui_id=u_000031_01 schema_ok=True
2026-02-07 02:23:35 INFO dataset: Stage3 created ui_id=u_000032_01 schema_ok=True
2026-02-07 02:24:21 INFO dataset: Stage3 created ui_id=u_000033_01 schema_ok=True
2026-02-07 02:25:09 INFO dataset: Stage3 created ui_id=u_000034_01 schema_ok=True
2026-02-07 02:26:02 INFO dataset: Stage3 created ui_id=u_000035_01 schema_ok=True
2026-02-07 02:26:56 INFO dataset: Stage3 created ui_id=u_000036_01 schema_ok=True
2026-02-07 02:27:59 INFO dataset: Stage3 created ui_id=u_000037_01 schema_ok=True
2026-02-07 02:28:39 INFO dataset: Stage3 created ui_id=u_000038_01 schema_ok=True
2026-02-07 02:28:40 INFO dataset: Stage3 aggregates stored at C:\Users\anupk\Documents\git\A2UI\dataset\data\runs\ab_model_g25pro20_20260207_015007\aggregates.json
2026-02-07 02:28:40 INFO dataset: Stage3 complete.
2026-02-07 11:43:13 INFO dataset: Stage4 HTTP server started on port 51328
2026-02-07 11:43:30 INFO dataset: Stage4 complete. Rendered outputs stored at C:\Users\anupk\Documents\git\A2UI\dataset\data\runs\ab_model_g25pro20_20260207_015007\rendered
2026-02-18 00:24:37 INFO dataset: Stage4 HTTP server started on port 62454
2026-02-18 00:25:01 INFO dataset: Stage4 complete. Rendered outputs stored at C:\Users\anupk\Documents\git\A2UI\dataset\data\runs\ab_model_g25pro20_20260207_015007\rendered
2026-02-18 01:35:05 INFO dataset: Stage4 HTTP server started on port 55681
2026-02-18 01:35:06 INFO dataset: Stage4 complete. Rendered outputs stored at C:\Users\anupk\Documents\git\A2UI\dataset\data\runs\ab_model_g25pro20_20260207_015007\rendered
