[2026-06-19T19:22:07.5359854+05:30] Cycle generation started run_id=dataset_gpt54_no_reasoning_p5_20260619_part01 model=azure_gpt54_benchmark target=4000 intent_count=32 k_per_intent=127
[2026-06-19T19:22:07.5470478+05:30] Prompts stage1=C:\Users\anupk\Documents\git\A2UI\dataset\data\runs\dataset_gpt54_no_reasoning_p5_20260619\_prompt_variants\query_gen_shard_01.md stage2=prompts/response_gen.md stage3=prompts/genui_gen_gemma_v12_structure_preserve.md prompt_cache=disabled reasoning=none
[2026-06-19T19:22:07.6567045+05:30] CYCLE 1 counts before queries=0 responses=0 genui=0
[2026-06-19T19:22:07.7139970+05:30] START stage1_cycle_1 output_log=C:\Users\anupk\Documents\git\A2UI\dataset\data\runs\dataset_gpt54_no_reasoning_p5_20260619_part01\stage1_cycle_1.output.log args=src/main.py --stage 1 --model azure_gpt54_benchmark --run_id dataset_gpt54_no_reasoning_p5_20260619_part01 --k_queries_per_intent 127 --max_queries_total 1000 --stage1_batch_size 16 --rate_limit_qps 0.5
[2026-06-19T20:04:12.4990444+05:30] END stage1_cycle_1
[2026-06-19T20:04:12.5417056+05:30] START stage2_cycle_1 output_log=C:\Users\anupk\Documents\git\A2UI\dataset\data\runs\dataset_gpt54_no_reasoning_p5_20260619_part01\stage2_cycle_1.output.log args=src/main.py --stage 2 --model azure_gpt54_benchmark --run_id dataset_gpt54_no_reasoning_p5_20260619_part01 --max_responses_total 1000 --stage2_batch_size 16 --stage2_response_batch_size 1 --rate_limit_qps 0.5
[2026-06-19T20:18:38.2627495+05:30] Cycle generation started run_id=dataset_gpt54_no_reasoning_p5_20260619_part01 model=azure_gpt54_benchmark target=4000 intent_count=32 k_per_intent=127
[2026-06-19T20:18:38.2789256+05:30] Prompts stage1=C:\Users\anupk\Documents\git\A2UI\dataset\data\runs\dataset_gpt54_no_reasoning_p5_20260619\_prompt_variants\query_gen_shard_01.md stage2=prompts/response_gen.md stage3=prompts/genui_gen_gemma_v12_structure_preserve.md prompt_cache=disabled reasoning=none mode=interleave_response_ir response_ir_chunk=16
[2026-06-19T20:18:38.4560378+05:30] CYCLE 1 counts before queries=1000 responses=32 genui=0
[2026-06-19T20:18:38.4705146+05:30] Interleave mode holding Stage1 until catch-up queries=1000 responses=32 genui=0
[2026-06-19T20:18:38.5266580+05:30] START stage2_cycle_1_from_32 output_log=C:\Users\anupk\Documents\git\A2UI\dataset\data\runs\dataset_gpt54_no_reasoning_p5_20260619_part01\stage2_cycle_1_from_32.output.log args=src/main.py --stage 2 --model azure_gpt54_benchmark --run_id dataset_gpt54_no_reasoning_p5_20260619_part01 --max_responses_total 16 --stage2_batch_size 16 --stage2_response_batch_size 1 --rate_limit_qps 0.5
[2026-06-19T20:23:18.9899235+05:30] END stage2_cycle_1_from_32
[2026-06-19T20:23:19.0478380+05:30] START stage3_cycle_1_from_0 output_log=C:\Users\anupk\Documents\git\A2UI\dataset\data\runs\dataset_gpt54_no_reasoning_p5_20260619_part01\stage3_cycle_1_from_0.output.log args=src/main.py --stage 3 --model azure_gpt54_benchmark --run_id dataset_gpt54_no_reasoning_p5_20260619_part01 --max_genui_total 16 --genui_batch_size 8 --rate_limit_qps 0.5
[2026-06-19T20:35:02.9869172+05:30] END stage3_cycle_1_from_0
[2026-06-19T20:35:03.0223245+05:30] START stage3_cycle_1_from_16 output_log=C:\Users\anupk\Documents\git\A2UI\dataset\data\runs\dataset_gpt54_no_reasoning_p5_20260619_part01\stage3_cycle_1_from_16.output.log args=src/main.py --stage 3 --model azure_gpt54_benchmark --run_id dataset_gpt54_no_reasoning_p5_20260619_part01 --max_genui_total 16 --genui_batch_size 8 --rate_limit_qps 0.5
[2026-06-19T20:43:48.9451551+05:30] END stage3_cycle_1_from_16
[2026-06-19T20:43:49.0046789+05:30] START stage3_cycle_1_from_32 output_log=C:\Users\anupk\Documents\git\A2UI\dataset\data\runs\dataset_gpt54_no_reasoning_p5_20260619_part01\stage3_cycle_1_from_32.output.log args=src/main.py --stage 3 --model azure_gpt54_benchmark --run_id dataset_gpt54_no_reasoning_p5_20260619_part01 --max_genui_total 16 --genui_batch_size 8 --rate_limit_qps 0.5
[2026-06-19T20:52:11.1018811+05:30] END stage3_cycle_1_from_32
[2026-06-19T20:52:11.2255436+05:30] START stage2_cycle_1_from_48 output_log=C:\Users\anupk\Documents\git\A2UI\dataset\data\runs\dataset_gpt54_no_reasoning_p5_20260619_part01\stage2_cycle_1_from_48.output.log args=src/main.py --stage 2 --model azure_gpt54_benchmark --run_id dataset_gpt54_no_reasoning_p5_20260619_part01 --max_responses_total 16 --stage2_batch_size 16 --stage2_response_batch_size 1 --rate_limit_qps 0.5
[2026-06-19T20:57:27.9453842+05:30] END stage2_cycle_1_from_48
[2026-06-19T20:57:28.0828948+05:30] START stage3_cycle_1_from_48 output_log=C:\Users\anupk\Documents\git\A2UI\dataset\data\runs\dataset_gpt54_no_reasoning_p5_20260619_part01\stage3_cycle_1_from_48.output.log args=src/main.py --stage 3 --model azure_gpt54_benchmark --run_id dataset_gpt54_no_reasoning_p5_20260619_part01 --max_genui_total 16 --genui_batch_size 8 --rate_limit_qps 0.5
[2026-06-19T21:06:58.9074025+05:30] END stage3_cycle_1_from_48
[2026-06-19T21:06:59.0212041+05:30] START stage2_cycle_1_from_64 output_log=C:\Users\anupk\Documents\git\A2UI\dataset\data\runs\dataset_gpt54_no_reasoning_p5_20260619_part01\stage2_cycle_1_from_64.output.log args=src/main.py --stage 2 --model azure_gpt54_benchmark --run_id dataset_gpt54_no_reasoning_p5_20260619_part01 --max_responses_total 16 --stage2_batch_size 16 --stage2_response_batch_size 1 --rate_limit_qps 0.5
[2026-06-19T21:10:48.7524462+05:30] END stage2_cycle_1_from_64
[2026-06-19T21:10:48.9254854+05:30] START stage3_cycle_1_from_64 output_log=C:\Users\anupk\Documents\git\A2UI\dataset\data\runs\dataset_gpt54_no_reasoning_p5_20260619_part01\stage3_cycle_1_from_64.output.log args=src/main.py --stage 3 --model azure_gpt54_benchmark --run_id dataset_gpt54_no_reasoning_p5_20260619_part01 --max_genui_total 16 --genui_batch_size 8 --rate_limit_qps 0.5
[2026-06-19T21:19:15.4810209+05:30] END stage3_cycle_1_from_64
[2026-06-19T21:19:15.6356262+05:30] START stage2_cycle_1_from_80 output_log=C:\Users\anupk\Documents\git\A2UI\dataset\data\runs\dataset_gpt54_no_reasoning_p5_20260619_part01\stage2_cycle_1_from_80.output.log args=src/main.py --stage 2 --model azure_gpt54_benchmark --run_id dataset_gpt54_no_reasoning_p5_20260619_part01 --max_responses_total 16 --stage2_batch_size 16 --stage2_response_batch_size 1 --rate_limit_qps 0.5
[2026-06-19T21:23:45.1930513+05:30] END stage2_cycle_1_from_80
[2026-06-19T21:23:45.3262071+05:30] START stage3_cycle_1_from_80 output_log=C:\Users\anupk\Documents\git\A2UI\dataset\data\runs\dataset_gpt54_no_reasoning_p5_20260619_part01\stage3_cycle_1_from_80.output.log args=src/main.py --stage 3 --model azure_gpt54_benchmark --run_id dataset_gpt54_no_reasoning_p5_20260619_part01 --max_genui_total 16 --genui_batch_size 8 --rate_limit_qps 0.5
[2026-06-19T21:34:02.3710482+05:30] END stage3_cycle_1_from_80
[2026-06-19T21:34:02.4823085+05:30] START stage2_cycle_1_from_96 output_log=C:\Users\anupk\Documents\git\A2UI\dataset\data\runs\dataset_gpt54_no_reasoning_p5_20260619_part01\stage2_cycle_1_from_96.output.log args=src/main.py --stage 2 --model azure_gpt54_benchmark --run_id dataset_gpt54_no_reasoning_p5_20260619_part01 --max_responses_total 16 --stage2_batch_size 16 --stage2_response_batch_size 1 --rate_limit_qps 0.5
[2026-06-19T21:38:59.9349837+05:30] END stage2_cycle_1_from_96
[2026-06-19T21:39:00.1494613+05:30] START stage3_cycle_1_from_96 output_log=C:\Users\anupk\Documents\git\A2UI\dataset\data\runs\dataset_gpt54_no_reasoning_p5_20260619_part01\stage3_cycle_1_from_96.output.log args=src/main.py --stage 3 --model azure_gpt54_benchmark --run_id dataset_gpt54_no_reasoning_p5_20260619_part01 --max_genui_total 16 --genui_batch_size 8 --rate_limit_qps 0.5
[2026-06-19T21:49:43.4099731+05:30] END stage3_cycle_1_from_96
[2026-06-19T21:49:43.6145757+05:30] START stage2_cycle_1_from_112 output_log=C:\Users\anupk\Documents\git\A2UI\dataset\data\runs\dataset_gpt54_no_reasoning_p5_20260619_part01\stage2_cycle_1_from_112.output.log args=src/main.py --stage 2 --model azure_gpt54_benchmark --run_id dataset_gpt54_no_reasoning_p5_20260619_part01 --max_responses_total 16 --stage2_batch_size 16 --stage2_response_batch_size 1 --rate_limit_qps 0.5
[2026-06-19T21:54:38.4338021+05:30] END stage2_cycle_1_from_112
[2026-06-19T21:54:38.6250545+05:30] START stage3_cycle_1_from_112 output_log=C:\Users\anupk\Documents\git\A2UI\dataset\data\runs\dataset_gpt54_no_reasoning_p5_20260619_part01\stage3_cycle_1_from_112.output.log args=src/main.py --stage 3 --model azure_gpt54_benchmark --run_id dataset_gpt54_no_reasoning_p5_20260619_part01 --max_genui_total 16 --genui_batch_size 8 --rate_limit_qps 0.5
[2026-06-19T22:04:14.5430451+05:30] END stage3_cycle_1_from_112
[2026-06-19T22:04:14.6976176+05:30] START stage2_cycle_1_from_128 output_log=C:\Users\anupk\Documents\git\A2UI\dataset\data\runs\dataset_gpt54_no_reasoning_p5_20260619_part01\stage2_cycle_1_from_128.output.log args=src/main.py --stage 2 --model azure_gpt54_benchmark --run_id dataset_gpt54_no_reasoning_p5_20260619_part01 --max_responses_total 16 --stage2_batch_size 16 --stage2_response_batch_size 1 --rate_limit_qps 0.5
[2026-06-19T22:08:43.2080268+05:30] END stage2_cycle_1_from_128
[2026-06-19T22:08:43.4069120+05:30] START stage3_cycle_1_from_128 output_log=C:\Users\anupk\Documents\git\A2UI\dataset\data\runs\dataset_gpt54_no_reasoning_p5_20260619_part01\stage3_cycle_1_from_128.output.log args=src/main.py --stage 3 --model azure_gpt54_benchmark --run_id dataset_gpt54_no_reasoning_p5_20260619_part01 --max_genui_total 16 --genui_batch_size 8 --rate_limit_qps 0.5
[2026-06-19T22:18:22.4963173+05:30] END stage3_cycle_1_from_128
[2026-06-19T22:18:22.6570743+05:30] START stage2_cycle_1_from_144 output_log=C:\Users\anupk\Documents\git\A2UI\dataset\data\runs\dataset_gpt54_no_reasoning_p5_20260619_part01\stage2_cycle_1_from_144.output.log args=src/main.py --stage 2 --model azure_gpt54_benchmark --run_id dataset_gpt54_no_reasoning_p5_20260619_part01 --max_responses_total 16 --stage2_batch_size 16 --stage2_response_batch_size 1 --rate_limit_qps 0.5
[2026-06-19T22:22:44.0733725+05:30] END stage2_cycle_1_from_144
[2026-06-19T22:22:44.1487151+05:30] START stage3_cycle_1_from_144 output_log=C:\Users\anupk\Documents\git\A2UI\dataset\data\runs\dataset_gpt54_no_reasoning_p5_20260619_part01\stage3_cycle_1_from_144.output.log args=src/main.py --stage 3 --model azure_gpt54_benchmark --run_id dataset_gpt54_no_reasoning_p5_20260619_part01 --max_genui_total 16 --genui_batch_size 8 --rate_limit_qps 0.5
[2026-06-19T22:30:29.1027283+05:30] END stage3_cycle_1_from_144
[2026-06-19T22:30:29.2899517+05:30] START stage2_cycle_1_from_160 output_log=C:\Users\anupk\Documents\git\A2UI\dataset\data\runs\dataset_gpt54_no_reasoning_p5_20260619_part01\stage2_cycle_1_from_160.output.log args=src/main.py --stage 2 --model azure_gpt54_benchmark --run_id dataset_gpt54_no_reasoning_p5_20260619_part01 --max_responses_total 16 --stage2_batch_size 16 --stage2_response_batch_size 1 --rate_limit_qps 0.5
[2026-06-19T22:34:57.8830214+05:30] END stage2_cycle_1_from_160
[2026-06-19T22:34:58.0546528+05:30] START stage3_cycle_1_from_160 output_log=C:\Users\anupk\Documents\git\A2UI\dataset\data\runs\dataset_gpt54_no_reasoning_p5_20260619_part01\stage3_cycle_1_from_160.output.log args=src/main.py --stage 3 --model azure_gpt54_benchmark --run_id dataset_gpt54_no_reasoning_p5_20260619_part01 --max_genui_total 16 --genui_batch_size 8 --rate_limit_qps 0.5
[2026-06-19T22:45:35.7155736+05:30] END stage3_cycle_1_from_160
[2026-06-19T22:45:35.9191470+05:30] START stage2_cycle_1_from_176 output_log=C:\Users\anupk\Documents\git\A2UI\dataset\data\runs\dataset_gpt54_no_reasoning_p5_20260619_part01\stage2_cycle_1_from_176.output.log args=src/main.py --stage 2 --model azure_gpt54_benchmark --run_id dataset_gpt54_no_reasoning_p5_20260619_part01 --max_responses_total 16 --stage2_batch_size 16 --stage2_response_batch_size 1 --rate_limit_qps 0.5
[2026-06-19T22:49:48.5073857+05:30] END stage2_cycle_1_from_176
[2026-06-19T22:49:48.5632229+05:30] START stage3_cycle_1_from_176 output_log=C:\Users\anupk\Documents\git\A2UI\dataset\data\runs\dataset_gpt54_no_reasoning_p5_20260619_part01\stage3_cycle_1_from_176.output.log args=src/main.py --stage 3 --model azure_gpt54_benchmark --run_id dataset_gpt54_no_reasoning_p5_20260619_part01 --max_genui_total 16 --genui_batch_size 8 --rate_limit_qps 0.5
[2026-06-19T22:59:51.3562419+05:30] END stage3_cycle_1_from_176
[2026-06-19T22:59:51.5308887+05:30] START stage2_cycle_1_from_192 output_log=C:\Users\anupk\Documents\git\A2UI\dataset\data\runs\dataset_gpt54_no_reasoning_p5_20260619_part01\stage2_cycle_1_from_192.output.log args=src/main.py --stage 2 --model azure_gpt54_benchmark --run_id dataset_gpt54_no_reasoning_p5_20260619_part01 --max_responses_total 16 --stage2_batch_size 16 --stage2_response_batch_size 1 --rate_limit_qps 0.5
[2026-06-19T23:04:31.3489391+05:30] END stage2_cycle_1_from_192
[2026-06-19T23:04:31.5703012+05:30] START stage3_cycle_1_from_192 output_log=C:\Users\anupk\Documents\git\A2UI\dataset\data\runs\dataset_gpt54_no_reasoning_p5_20260619_part01\stage3_cycle_1_from_192.output.log args=src/main.py --stage 3 --model azure_gpt54_benchmark --run_id dataset_gpt54_no_reasoning_p5_20260619_part01 --max_genui_total 16 --genui_batch_size 8 --rate_limit_qps 0.5
[2026-06-19T23:12:16.9889813+05:30] END stage3_cycle_1_from_192
[2026-06-19T23:12:17.0927054+05:30] START stage2_cycle_1_from_208 output_log=C:\Users\anupk\Documents\git\A2UI\dataset\data\runs\dataset_gpt54_no_reasoning_p5_20260619_part01\stage2_cycle_1_from_208.output.log args=src/main.py --stage 2 --model azure_gpt54_benchmark --run_id dataset_gpt54_no_reasoning_p5_20260619_part01 --max_responses_total 16 --stage2_batch_size 16 --stage2_response_batch_size 1 --rate_limit_qps 0.5
[2026-06-19T23:16:41.1748109+05:30] END stage2_cycle_1_from_208
[2026-06-19T23:16:41.2452256+05:30] START stage3_cycle_1_from_208 output_log=C:\Users\anupk\Documents\git\A2UI\dataset\data\runs\dataset_gpt54_no_reasoning_p5_20260619_part01\stage3_cycle_1_from_208.output.log args=src/main.py --stage 3 --model azure_gpt54_benchmark --run_id dataset_gpt54_no_reasoning_p5_20260619_part01 --max_genui_total 16 --genui_batch_size 8 --rate_limit_qps 0.5
[2026-06-19T23:26:02.9090011+05:30] END stage3_cycle_1_from_208
[2026-06-19T23:26:03.0433468+05:30] START stage2_cycle_1_from_224 output_log=C:\Users\anupk\Documents\git\A2UI\dataset\data\runs\dataset_gpt54_no_reasoning_p5_20260619_part01\stage2_cycle_1_from_224.output.log args=src/main.py --stage 2 --model azure_gpt54_benchmark --run_id dataset_gpt54_no_reasoning_p5_20260619_part01 --max_responses_total 16 --stage2_batch_size 16 --stage2_response_batch_size 1 --rate_limit_qps 0.5
[2026-06-19T23:30:36.5390443+05:30] END stage2_cycle_1_from_224
[2026-06-19T23:30:36.9778268+05:30] START stage3_cycle_1_from_224 output_log=C:\Users\anupk\Documents\git\A2UI\dataset\data\runs\dataset_gpt54_no_reasoning_p5_20260619_part01\stage3_cycle_1_from_224.output.log args=src/main.py --stage 3 --model azure_gpt54_benchmark --run_id dataset_gpt54_no_reasoning_p5_20260619_part01 --max_genui_total 16 --genui_batch_size 8 --rate_limit_qps 0.5
[2026-06-20T00:00:47.2712970+05:30] Cycle generation started run_id=dataset_gpt54_no_reasoning_p5_20260619_part01 model=azure_gpt54_benchmark target=4000 intent_count=32 k_per_intent=127
[2026-06-20T00:00:47.2823183+05:30] Prompts stage1=C:\Users\anupk\Documents\git\A2UI\dataset\data\runs\dataset_gpt54_no_reasoning_p5_20260619\_prompt_variants\query_gen_shard_01.md stage2=prompts/response_gen.md stage3=prompts/genui_gen_gemma_v12_structure_preserve.md prompt_cache=disabled reasoning=none mode=interleave_response_ir response_ir_chunk=16
[2026-06-20T00:00:47.4398244+05:30] CYCLE 1 counts before queries=1000 responses=240 genui=231
[2026-06-20T00:00:47.4440098+05:30] Interleave mode holding Stage1 until catch-up queries=1000 responses=240 genui=231
[2026-06-20T00:00:47.5465564+05:30] START stage2_cycle_1_from_240 output_log=C:\Users\anupk\Documents\git\A2UI\dataset\data\runs\dataset_gpt54_no_reasoning_p5_20260619_part01\stage2_cycle_1_from_240.output.log args=src/main.py --stage 2 --model azure_gpt54_benchmark --run_id dataset_gpt54_no_reasoning_p5_20260619_part01 --max_responses_total 16 --stage2_batch_size 16 --stage2_response_batch_size 1 --rate_limit_qps 0.5
