2026-02-12 01:12:55 INFO dataset: Stage3 created ui_id=u_000001_01 schema_ok=True
2026-02-12 01:15:01 INFO dataset: Stage3 created ui_id=u_000002_01 schema_ok=True
2026-02-12 01:16:23 INFO dataset: Stage3 created ui_id=u_000021_01 schema_ok=True
2026-02-12 01:18:20 INFO dataset: Stage3 created ui_id=u_000022_01 schema_ok=True
2026-02-12 01:19:52 INFO dataset: Stage3 created ui_id=u_000031_01 schema_ok=True
2026-02-12 01:21:05 INFO dataset: Stage3 created ui_id=u_000032_01 schema_ok=True
2026-02-12 01:22:35 INFO dataset: Stage3 created ui_id=u_000041_01 schema_ok=True
2026-02-12 01:24:02 INFO dataset: Stage3 created ui_id=u_000042_01 schema_ok=True
2026-02-12 01:25:12 INFO dataset: Stage3 created ui_id=u_000052_01 schema_ok=True
2026-02-12 01:25:12 INFO dataset: Stage3 created ui_id=u_000051_01 schema_ok=True
2026-02-12 01:25:42 INFO dataset: Stage3 created ui_id=u_000051_01 schema_ok=True
2026-02-12 01:25:52 INFO dataset: Stage3 created ui_id=u_000202_01 schema_ok=True
2026-02-12 01:25:52 INFO dataset: Stage3 created ui_id=u_000201_01 schema_ok=True
2026-02-12 01:26:51 INFO dataset: Stage3 created ui_id=u_000242_01 schema_ok=True
2026-02-12 01:26:51 INFO dataset: Stage3 created ui_id=u_000241_01 schema_ok=True
2026-02-12 01:27:23 INFO dataset: Stage3 created ui_id=u_000281_01 schema_ok=True
2026-02-12 01:27:23 INFO dataset: Stage3 created ui_id=u_000282_01 schema_ok=True
2026-02-12 01:27:33 INFO dataset: Stage3 created ui_id=u_000052_01 schema_ok=True
2026-02-12 01:27:57 INFO dataset: Stage3 created ui_id=u_000322_01 schema_ok=True
2026-02-12 01:27:57 INFO dataset: Stage3 created ui_id=u_000321_01 schema_ok=True
2026-02-12 01:28:37 INFO dataset: Stage3 created ui_id=u_000361_01 schema_ok=True
2026-02-12 01:28:37 INFO dataset: Stage3 created ui_id=u_000362_01 schema_ok=True
2026-02-12 01:28:47 INFO dataset: Stage3 created ui_id=u_000201_01 schema_ok=True
2026-02-12 01:29:19 INFO dataset: Stage3 created ui_id=u_000402_01 schema_ok=True
2026-02-12 01:29:19 INFO dataset: Stage3 created ui_id=u_000401_01 schema_ok=True
2026-02-12 01:29:44 INFO dataset: Stage3 created ui_id=u_000442_01 schema_ok=True
2026-02-12 01:29:44 INFO dataset: Stage3 created ui_id=u_000441_01 schema_ok=True
2026-02-12 01:30:06 INFO dataset: Stage3 created ui_id=u_000202_01 schema_ok=True
2026-02-12 01:30:46 INFO dataset: Stage3 created ui_id=u_000462_01 schema_ok=True
2026-02-12 01:30:46 INFO dataset: Stage3 created ui_id=u_000481_01 schema_ok=True
2026-02-12 01:31:26 INFO dataset: Stage3 created ui_id=u_000512_01 schema_ok=True
2026-02-12 01:31:26 INFO dataset: Stage3 created ui_id=u_000482_01 schema_ok=True
2026-02-12 01:32:03 INFO dataset: Stage3 created ui_id=u_000241_01 schema_ok=True
2026-02-12 01:32:27 INFO dataset: Stage3 created ui_id=u_000521_01 schema_ok=True
2026-02-12 01:32:27 INFO dataset: Stage3 created ui_id=u_000522_01 schema_ok=True
2026-02-12 01:33:23 INFO dataset: Stage3 created ui_id=u_000242_01 schema_ok=True
2026-02-12 01:33:24 INFO dataset: Stage3 created ui_id=u_000561_01 schema_ok=True
2026-02-12 01:33:24 INFO dataset: Stage3 created ui_id=u_000562_01 schema_ok=True
2026-02-12 01:33:54 INFO dataset: Stage3 created ui_id=u_000602_01 schema_ok=True
2026-02-12 01:33:54 INFO dataset: Stage3 created ui_id=u_000601_01 schema_ok=True
2026-02-12 01:34:18 INFO dataset: Stage3 created ui_id=u_000281_01 schema_ok=True
2026-02-12 01:34:53 INFO dataset: Stage3 created ui_id=u_000605_01 schema_ok=True
2026-02-12 01:34:53 INFO dataset: Stage3 created ui_id=u_000641_01 schema_ok=True
2026-02-12 01:35:39 INFO dataset: Stage3 created ui_id=u_000642_01 schema_ok=True
2026-02-12 01:35:39 INFO dataset: Stage3 created ui_id=u_000681_01 schema_ok=True
2026-02-12 01:35:51 INFO dataset: Stage3 created ui_id=u_000282_01 schema_ok=True
2026-02-12 01:36:24 INFO dataset: Stage3 created ui_id=u_000682_01 schema_ok=True
2026-02-12 01:36:24 INFO dataset: Stage3 created ui_id=u_000721_01 schema_ok=True
2026-02-12 01:37:20 INFO dataset: Stage3 created ui_id=u_000321_01 schema_ok=True
2026-02-12 01:37:22 INFO dataset: Stage3 created ui_id=u_000761_01 schema_ok=True
2026-02-12 01:37:22 INFO dataset: Stage3 created ui_id=u_000722_01 schema_ok=True
2026-02-12 01:37:49 INFO dataset: Stage3 created ui_id=u_000762_01 schema_ok=True
2026-02-12 01:37:49 INFO dataset: Stage3 created ui_id=u_000801_01 schema_ok=True
2026-02-12 01:38:00 INFO dataset: Stage3 created ui_id=u_000322_01 schema_ok=True
2026-02-12 01:38:21 INFO dataset: Stage3 created ui_id=u_000841_01 schema_ok=True
2026-02-12 01:38:21 INFO dataset: Stage3 created ui_id=u_000802_01 schema_ok=True
2026-02-12 01:39:13 INFO dataset: Stage3 created ui_id=u_000842_01 schema_ok=True
2026-02-12 01:39:13 INFO dataset: Stage3 created ui_id=u_000881_01 schema_ok=True
2026-02-12 01:39:17 INFO dataset: Stage3 created ui_id=u_000361_01 schema_ok=True
2026-02-12 01:39:47 INFO dataset: Stage3 created ui_id=u_000884_01 schema_ok=True
2026-02-12 01:39:47 INFO dataset: Stage3 created ui_id=u_000882_01 schema_ok=True
2026-02-12 01:39:47 INFO dataset: Stage3 completed created=42
2026-02-12 01:39:47 INFO dataset: Stage3 aggregates stored at C:\Users\anupk\Documents\git\A2UI\dataset\data\runs\subset50_g25pro_promptlite_20260212_011030\aggregates.json
2026-02-12 01:39:47 INFO dataset: Stage3 complete.
2026-02-12 01:40:51 INFO dataset: Stage3 created ui_id=u_000362_01 schema_ok=True
2026-02-12 01:42:10 INFO dataset: Stage3 created ui_id=u_000401_01 schema_ok=True
2026-02-12 01:43:07 INFO dataset: Stage3 created ui_id=u_000402_01 schema_ok=True
2026-02-12 01:44:12 INFO dataset: Stage3 created ui_id=u_000441_01 schema_ok=True
2026-02-12 01:45:25 INFO dataset: Stage3 created ui_id=u_000442_01 schema_ok=True
2026-02-12 01:46:26 INFO dataset: Stage3 created ui_id=u_000462_01 schema_ok=True
2026-02-12 01:47:44 INFO dataset: Stage3 created ui_id=u_000481_01 schema_ok=True
2026-02-12 01:49:17 INFO dataset: Stage3 created ui_id=u_000482_01 schema_ok=True
2026-02-12 01:50:34 INFO dataset: Stage3 created ui_id=u_000512_01 schema_ok=True
2026-02-12 01:51:48 INFO dataset: Stage3 created ui_id=u_000521_01 schema_ok=True
2026-02-12 01:52:49 INFO dataset: Stage3 created ui_id=u_000522_01 schema_ok=True
2026-02-12 01:53:50 INFO dataset: Stage3 created ui_id=u_000561_01 schema_ok=True
2026-02-12 01:55:00 INFO dataset: Stage3 created ui_id=u_000562_01 schema_ok=True
2026-02-12 01:56:28 INFO dataset: Stage3 created ui_id=u_000601_01 schema_ok=True
2026-02-12 01:57:33 INFO dataset: Stage3 created ui_id=u_000602_01 schema_ok=True
2026-02-12 01:58:57 INFO dataset: Stage3 created ui_id=u_000605_01 schema_ok=True
2026-02-12 02:01:01 INFO dataset: Stage3 created ui_id=u_000641_01 schema_ok=True
2026-02-12 02:02:25 INFO dataset: Stage3 created ui_id=u_000642_01 schema_ok=True
2026-02-12 02:04:27 INFO dataset: Stage3 created ui_id=u_000681_01 schema_ok=True
2026-02-12 02:05:35 INFO dataset: Stage3 created ui_id=u_000682_01 schema_ok=True
2026-02-12 02:07:00 INFO dataset: Stage3 created ui_id=u_000721_01 schema_ok=True
2026-02-12 02:08:58 INFO dataset: Stage3 created ui_id=u_000722_01 schema_ok=True
2026-02-12 02:09:56 INFO dataset: Stage3 created ui_id=u_000761_01 schema_ok=True
2026-02-12 02:10:45 INFO dataset: Stage3 created ui_id=u_000762_01 schema_ok=True
2026-02-12 02:11:42 INFO dataset: Stage3 created ui_id=u_000801_01 schema_ok=True
2026-02-12 02:12:58 INFO dataset: Stage3 created ui_id=u_000802_01 schema_ok=True
2026-02-12 02:13:57 INFO dataset: Stage3 created ui_id=u_000841_01 schema_ok=True
2026-02-12 02:14:52 INFO dataset: Stage3 created ui_id=u_000842_01 schema_ok=True
2026-02-12 02:16:08 INFO dataset: Stage3 created ui_id=u_000881_01 schema_ok=True
2026-02-12 02:17:21 INFO dataset: Stage3 created ui_id=u_000882_01 schema_ok=True
2026-02-12 02:18:36 INFO dataset: Stage3 created ui_id=u_000884_01 schema_ok=True
2026-02-12 02:18:36 INFO dataset: Stage3 completed created=50
2026-02-12 02:18:36 INFO dataset: Stage3 aggregates stored at C:\Users\anupk\Documents\git\A2UI\dataset\data\runs\subset50_g25pro_promptlite_20260212_011030\aggregates.json
2026-02-12 02:18:36 INFO dataset: Stage3 complete.
2026-02-12 11:11:47 INFO dataset: Stage4 HTTP server started on port 62135
2026-02-12 11:11:47 INFO dataset: Stage4 rendering 80 images with 10 workers
2026-02-12 11:12:28 ERROR dataset: Stage4 render error ui_id=u_000021_01: render_error: Page.wait_for_function: Timeout 15000ms exceeded.; console: requestfailed: http://127.0.0.1:62135/renderer/lit/vendor/a2ui/0.8/ui/list.js net::ERR_SOCKET_NOT_CONNECTED; error: Failed to load resource: net::ERR_SOCKET_NOT_CONNECTED; error: Failed to load GenUICraft Lit renderer TypeError: Failed to fetch dynamically imported module: http://127.0.0.1:62135/renderer/lit/vendor/a2ui/index.js; requestfailed: http://127.0.0.1:62135/renderer/lit/vendor/a2ui/0.8/ui/multiple-choice.js net::ERR_SOCKET_NOT_CONNECTED; error: Failed to load resource: net::ERR_SOCKET_NOT_CONNECTED
2026-02-12 11:12:28 ERROR dataset: Stage4 render error ui_id=u_000282_01: render_error: Page.wait_for_function: Timeout 15000ms exceeded.; console: requestfailed: http://127.0.0.1:62135/renderer/lit/vendor/markdown-it/lib/index.mjs net::ERR_CONNECTION_REFUSED; error: Failed to load resource: net::ERR_CONNECTION_REFUSED; error: Failed to load GenUICraft Lit renderer TypeError: Failed to fetch dynamically imported module: http://127.0.0.1:62135/renderer/lit/vendor/a2ui/index.js
2026-02-12 11:12:29 INFO dataset: Stage4 complete. Rendered outputs stored at C:\Users\anupk\Documents\git\A2UI\dataset\data\runs\subset50_g25pro_promptlite_20260212_011030\rendered
2026-02-12 11:12:40 INFO dataset: Stage4 HTTP server started on port 63092
2026-02-12 11:12:45 INFO dataset: Stage4 complete. Rendered outputs stored at C:\Users\anupk\Documents\git\A2UI\dataset\data\runs\subset50_g25pro_promptlite_20260212_011030\rendered
