[2026-06-19T19:22:07.5359854+05:30] Cycle generation started run_id=dataset_gpt54_no_reasoning_p5_20260619_part02 model=azure_gpt54_benchmark target=4000 intent_count=32 k_per_intent=127
[2026-06-19T19:22:07.5491760+05:30] Prompts stage1=C:\Users\anupk\Documents\git\A2UI\dataset\data\runs\dataset_gpt54_no_reasoning_p5_20260619\_prompt_variants\query_gen_shard_02.md stage2=prompts/response_gen.md stage3=prompts/genui_gen_gemma_v12_structure_preserve.md prompt_cache=disabled reasoning=none
[2026-06-19T19:22:07.6546844+05:30] CYCLE 1 counts before queries=0 responses=0 genui=0
[2026-06-19T19:22:07.7139970+05:30] START stage1_cycle_1 output_log=C:\Users\anupk\Documents\git\A2UI\dataset\data\runs\dataset_gpt54_no_reasoning_p5_20260619_part02\stage1_cycle_1.output.log args=src/main.py --stage 1 --model azure_gpt54_benchmark --run_id dataset_gpt54_no_reasoning_p5_20260619_part02 --k_queries_per_intent 127 --max_queries_total 1000 --stage1_batch_size 16 --rate_limit_qps 0.5
[2026-06-19T20:04:49.2905377+05:30] END stage1_cycle_1
[2026-06-19T20:04:49.3147941+05:30] START stage2_cycle_1 output_log=C:\Users\anupk\Documents\git\A2UI\dataset\data\runs\dataset_gpt54_no_reasoning_p5_20260619_part02\stage2_cycle_1.output.log args=src/main.py --stage 2 --model azure_gpt54_benchmark --run_id dataset_gpt54_no_reasoning_p5_20260619_part02 --max_responses_total 1000 --stage2_batch_size 16 --stage2_response_batch_size 1 --rate_limit_qps 0.5
[2026-06-19T20:18:38.3877003+05:30] Cycle generation started run_id=dataset_gpt54_no_reasoning_p5_20260619_part02 model=azure_gpt54_benchmark target=4000 intent_count=32 k_per_intent=127
[2026-06-19T20:18:38.4066137+05:30] Prompts stage1=C:\Users\anupk\Documents\git\A2UI\dataset\data\runs\dataset_gpt54_no_reasoning_p5_20260619\_prompt_variants\query_gen_shard_02.md stage2=prompts/response_gen.md stage3=prompts/genui_gen_gemma_v12_structure_preserve.md prompt_cache=disabled reasoning=none mode=interleave_response_ir response_ir_chunk=16
[2026-06-19T20:18:38.5798782+05:30] CYCLE 1 counts before queries=1000 responses=32 genui=0
[2026-06-19T20:18:38.5882569+05:30] Interleave mode holding Stage1 until catch-up queries=1000 responses=32 genui=0
[2026-06-19T20:18:38.6486329+05:30] START stage2_cycle_1_from_32 output_log=C:\Users\anupk\Documents\git\A2UI\dataset\data\runs\dataset_gpt54_no_reasoning_p5_20260619_part02\stage2_cycle_1_from_32.output.log args=src/main.py --stage 2 --model azure_gpt54_benchmark --run_id dataset_gpt54_no_reasoning_p5_20260619_part02 --max_responses_total 16 --stage2_batch_size 16 --stage2_response_batch_size 1 --rate_limit_qps 0.5
[2026-06-19T20:23:27.1941170+05:30] END stage2_cycle_1_from_32
[2026-06-19T20:23:27.3258766+05:30] START stage3_cycle_1_from_0 output_log=C:\Users\anupk\Documents\git\A2UI\dataset\data\runs\dataset_gpt54_no_reasoning_p5_20260619_part02\stage3_cycle_1_from_0.output.log args=src/main.py --stage 3 --model azure_gpt54_benchmark --run_id dataset_gpt54_no_reasoning_p5_20260619_part02 --max_genui_total 16 --genui_batch_size 8 --rate_limit_qps 0.5
[2026-06-19T20:33:35.9767860+05:30] END stage3_cycle_1_from_0
[2026-06-19T20:33:35.9924953+05:30] START stage3_cycle_1_from_16 output_log=C:\Users\anupk\Documents\git\A2UI\dataset\data\runs\dataset_gpt54_no_reasoning_p5_20260619_part02\stage3_cycle_1_from_16.output.log args=src/main.py --stage 3 --model azure_gpt54_benchmark --run_id dataset_gpt54_no_reasoning_p5_20260619_part02 --max_genui_total 16 --genui_batch_size 8 --rate_limit_qps 0.5
[2026-06-19T20:43:59.9395306+05:30] END stage3_cycle_1_from_16
[2026-06-19T20:43:59.9949428+05:30] START stage3_cycle_1_from_32 output_log=C:\Users\anupk\Documents\git\A2UI\dataset\data\runs\dataset_gpt54_no_reasoning_p5_20260619_part02\stage3_cycle_1_from_32.output.log args=src/main.py --stage 3 --model azure_gpt54_benchmark --run_id dataset_gpt54_no_reasoning_p5_20260619_part02 --max_genui_total 16 --genui_batch_size 8 --rate_limit_qps 0.5
[2026-06-19T20:54:06.2389365+05:30] END stage3_cycle_1_from_32
[2026-06-19T20:54:06.3183801+05:30] START stage2_cycle_1_from_48 output_log=C:\Users\anupk\Documents\git\A2UI\dataset\data\runs\dataset_gpt54_no_reasoning_p5_20260619_part02\stage2_cycle_1_from_48.output.log args=src/main.py --stage 2 --model azure_gpt54_benchmark --run_id dataset_gpt54_no_reasoning_p5_20260619_part02 --max_responses_total 16 --stage2_batch_size 16 --stage2_response_batch_size 1 --rate_limit_qps 0.5
[2026-06-19T20:59:01.6690773+05:30] END stage2_cycle_1_from_48
[2026-06-19T20:59:01.7324675+05:30] START stage3_cycle_1_from_48 output_log=C:\Users\anupk\Documents\git\A2UI\dataset\data\runs\dataset_gpt54_no_reasoning_p5_20260619_part02\stage3_cycle_1_from_48.output.log args=src/main.py --stage 3 --model azure_gpt54_benchmark --run_id dataset_gpt54_no_reasoning_p5_20260619_part02 --max_genui_total 16 --genui_batch_size 8 --rate_limit_qps 0.5
[2026-06-19T21:07:26.9617014+05:30] END stage3_cycle_1_from_48
[2026-06-19T21:07:27.0770284+05:30] START stage2_cycle_1_from_64 output_log=C:\Users\anupk\Documents\git\A2UI\dataset\data\runs\dataset_gpt54_no_reasoning_p5_20260619_part02\stage2_cycle_1_from_64.output.log args=src/main.py --stage 2 --model azure_gpt54_benchmark --run_id dataset_gpt54_no_reasoning_p5_20260619_part02 --max_responses_total 16 --stage2_batch_size 16 --stage2_response_batch_size 1 --rate_limit_qps 0.5
[2026-06-19T21:16:51.9147929+05:30] END stage2_cycle_1_from_64
[2026-06-19T21:16:52.0781803+05:30] START stage3_cycle_1_from_64 output_log=C:\Users\anupk\Documents\git\A2UI\dataset\data\runs\dataset_gpt54_no_reasoning_p5_20260619_part02\stage3_cycle_1_from_64.output.log args=src/main.py --stage 3 --model azure_gpt54_benchmark --run_id dataset_gpt54_no_reasoning_p5_20260619_part02 --max_genui_total 16 --genui_batch_size 8 --rate_limit_qps 0.5
[2026-06-19T21:25:39.9102100+05:30] END stage3_cycle_1_from_64
[2026-06-19T21:25:40.0530709+05:30] START stage2_cycle_1_from_80 output_log=C:\Users\anupk\Documents\git\A2UI\dataset\data\runs\dataset_gpt54_no_reasoning_p5_20260619_part02\stage2_cycle_1_from_80.output.log args=src/main.py --stage 2 --model azure_gpt54_benchmark --run_id dataset_gpt54_no_reasoning_p5_20260619_part02 --max_responses_total 16 --stage2_batch_size 16 --stage2_response_batch_size 1 --rate_limit_qps 0.5
[2026-06-19T21:30:56.8019059+05:30] END stage2_cycle_1_from_80
[2026-06-19T21:30:56.9917765+05:30] START stage3_cycle_1_from_80 output_log=C:\Users\anupk\Documents\git\A2UI\dataset\data\runs\dataset_gpt54_no_reasoning_p5_20260619_part02\stage3_cycle_1_from_80.output.log args=src/main.py --stage 3 --model azure_gpt54_benchmark --run_id dataset_gpt54_no_reasoning_p5_20260619_part02 --max_genui_total 16 --genui_batch_size 8 --rate_limit_qps 0.5
[2026-06-19T21:42:18.9627153+05:30] END stage3_cycle_1_from_80
[2026-06-19T21:42:19.1852348+05:30] START stage2_cycle_1_from_96 output_log=C:\Users\anupk\Documents\git\A2UI\dataset\data\runs\dataset_gpt54_no_reasoning_p5_20260619_part02\stage2_cycle_1_from_96.output.log args=src/main.py --stage 2 --model azure_gpt54_benchmark --run_id dataset_gpt54_no_reasoning_p5_20260619_part02 --max_responses_total 16 --stage2_batch_size 16 --stage2_response_batch_size 1 --rate_limit_qps 0.5
[2026-06-19T21:47:29.9018888+05:30] END stage2_cycle_1_from_96
[2026-06-19T21:47:30.5822205+05:30] START stage3_cycle_1_from_96 output_log=C:\Users\anupk\Documents\git\A2UI\dataset\data\runs\dataset_gpt54_no_reasoning_p5_20260619_part02\stage3_cycle_1_from_96.output.log args=src/main.py --stage 3 --model azure_gpt54_benchmark --run_id dataset_gpt54_no_reasoning_p5_20260619_part02 --max_genui_total 16 --genui_batch_size 8 --rate_limit_qps 0.5
[2026-06-19T21:57:25.3493920+05:30] END stage3_cycle_1_from_96
[2026-06-19T21:57:25.5162662+05:30] START stage2_cycle_1_from_112 output_log=C:\Users\anupk\Documents\git\A2UI\dataset\data\runs\dataset_gpt54_no_reasoning_p5_20260619_part02\stage2_cycle_1_from_112.output.log args=src/main.py --stage 2 --model azure_gpt54_benchmark --run_id dataset_gpt54_no_reasoning_p5_20260619_part02 --max_responses_total 16 --stage2_batch_size 16 --stage2_response_batch_size 1 --rate_limit_qps 0.5
[2026-06-19T22:02:24.7874132+05:30] END stage2_cycle_1_from_112
[2026-06-19T22:02:24.9375704+05:30] START stage3_cycle_1_from_112 output_log=C:\Users\anupk\Documents\git\A2UI\dataset\data\runs\dataset_gpt54_no_reasoning_p5_20260619_part02\stage3_cycle_1_from_112.output.log args=src/main.py --stage 3 --model azure_gpt54_benchmark --run_id dataset_gpt54_no_reasoning_p5_20260619_part02 --max_genui_total 16 --genui_batch_size 8 --rate_limit_qps 0.5
[2026-06-19T22:13:37.5036973+05:30] END stage3_cycle_1_from_112
[2026-06-19T22:13:37.7088937+05:30] START stage2_cycle_1_from_128 output_log=C:\Users\anupk\Documents\git\A2UI\dataset\data\runs\dataset_gpt54_no_reasoning_p5_20260619_part02\stage2_cycle_1_from_128.output.log args=src/main.py --stage 2 --model azure_gpt54_benchmark --run_id dataset_gpt54_no_reasoning_p5_20260619_part02 --max_responses_total 16 --stage2_batch_size 16 --stage2_response_batch_size 1 --rate_limit_qps 0.5
[2026-06-19T22:18:46.7545797+05:30] END stage2_cycle_1_from_128
[2026-06-19T22:18:46.8580717+05:30] START stage3_cycle_1_from_128 output_log=C:\Users\anupk\Documents\git\A2UI\dataset\data\runs\dataset_gpt54_no_reasoning_p5_20260619_part02\stage3_cycle_1_from_128.output.log args=src/main.py --stage 3 --model azure_gpt54_benchmark --run_id dataset_gpt54_no_reasoning_p5_20260619_part02 --max_genui_total 16 --genui_batch_size 8 --rate_limit_qps 0.5
[2026-06-19T22:29:02.5339434+05:30] END stage3_cycle_1_from_128
[2026-06-19T22:29:02.7098099+05:30] START stage2_cycle_1_from_144 output_log=C:\Users\anupk\Documents\git\A2UI\dataset\data\runs\dataset_gpt54_no_reasoning_p5_20260619_part02\stage2_cycle_1_from_144.output.log args=src/main.py --stage 2 --model azure_gpt54_benchmark --run_id dataset_gpt54_no_reasoning_p5_20260619_part02 --max_responses_total 16 --stage2_batch_size 16 --stage2_response_batch_size 1 --rate_limit_qps 0.5
[2026-06-19T22:33:45.8881539+05:30] END stage2_cycle_1_from_144
[2026-06-19T22:33:46.0368077+05:30] START stage3_cycle_1_from_144 output_log=C:\Users\anupk\Documents\git\A2UI\dataset\data\runs\dataset_gpt54_no_reasoning_p5_20260619_part02\stage3_cycle_1_from_144.output.log args=src/main.py --stage 3 --model azure_gpt54_benchmark --run_id dataset_gpt54_no_reasoning_p5_20260619_part02 --max_genui_total 16 --genui_batch_size 8 --rate_limit_qps 0.5
[2026-06-19T22:42:09.1822245+05:30] END stage3_cycle_1_from_144
[2026-06-19T22:42:09.3498610+05:30] START stage2_cycle_1_from_160 output_log=C:\Users\anupk\Documents\git\A2UI\dataset\data\runs\dataset_gpt54_no_reasoning_p5_20260619_part02\stage2_cycle_1_from_160.output.log args=src/main.py --stage 2 --model azure_gpt54_benchmark --run_id dataset_gpt54_no_reasoning_p5_20260619_part02 --max_responses_total 16 --stage2_batch_size 16 --stage2_response_batch_size 1 --rate_limit_qps 0.5
[2026-06-19T22:45:43.7015729+05:30] END stage2_cycle_1_from_160
[2026-06-19T22:45:43.9008834+05:30] START stage3_cycle_1_from_160 output_log=C:\Users\anupk\Documents\git\A2UI\dataset\data\runs\dataset_gpt54_no_reasoning_p5_20260619_part02\stage3_cycle_1_from_160.output.log args=src/main.py --stage 3 --model azure_gpt54_benchmark --run_id dataset_gpt54_no_reasoning_p5_20260619_part02 --max_genui_total 16 --genui_batch_size 8 --rate_limit_qps 0.5
[2026-06-19T22:52:39.4276369+05:30] END stage3_cycle_1_from_160
[2026-06-19T22:52:39.7860939+05:30] START stage2_cycle_1_from_176 output_log=C:\Users\anupk\Documents\git\A2UI\dataset\data\runs\dataset_gpt54_no_reasoning_p5_20260619_part02\stage2_cycle_1_from_176.output.log args=src/main.py --stage 2 --model azure_gpt54_benchmark --run_id dataset_gpt54_no_reasoning_p5_20260619_part02 --max_responses_total 16 --stage2_batch_size 16 --stage2_response_batch_size 1 --rate_limit_qps 0.5
[2026-06-19T22:57:26.8907444+05:30] END stage2_cycle_1_from_176
[2026-06-19T22:57:27.1503246+05:30] START stage3_cycle_1_from_176 output_log=C:\Users\anupk\Documents\git\A2UI\dataset\data\runs\dataset_gpt54_no_reasoning_p5_20260619_part02\stage3_cycle_1_from_176.output.log args=src/main.py --stage 3 --model azure_gpt54_benchmark --run_id dataset_gpt54_no_reasoning_p5_20260619_part02 --max_genui_total 16 --genui_batch_size 8 --rate_limit_qps 0.5
[2026-06-19T23:06:21.2956604+05:30] END stage3_cycle_1_from_176
[2026-06-19T23:06:21.4264749+05:30] START stage2_cycle_1_from_192 output_log=C:\Users\anupk\Documents\git\A2UI\dataset\data\runs\dataset_gpt54_no_reasoning_p5_20260619_part02\stage2_cycle_1_from_192.output.log args=src/main.py --stage 2 --model azure_gpt54_benchmark --run_id dataset_gpt54_no_reasoning_p5_20260619_part02 --max_responses_total 16 --stage2_batch_size 16 --stage2_response_batch_size 1 --rate_limit_qps 0.5
[2026-06-19T23:10:38.8443401+05:30] END stage2_cycle_1_from_192
[2026-06-19T23:10:38.9782218+05:30] START stage3_cycle_1_from_192 output_log=C:\Users\anupk\Documents\git\A2UI\dataset\data\runs\dataset_gpt54_no_reasoning_p5_20260619_part02\stage3_cycle_1_from_192.output.log args=src/main.py --stage 3 --model azure_gpt54_benchmark --run_id dataset_gpt54_no_reasoning_p5_20260619_part02 --max_genui_total 16 --genui_batch_size 8 --rate_limit_qps 0.5
[2026-06-19T23:20:13.0302656+05:30] END stage3_cycle_1_from_192
[2026-06-19T23:20:13.2521839+05:30] START stage2_cycle_1_from_208 output_log=C:\Users\anupk\Documents\git\A2UI\dataset\data\runs\dataset_gpt54_no_reasoning_p5_20260619_part02\stage2_cycle_1_from_208.output.log args=src/main.py --stage 2 --model azure_gpt54_benchmark --run_id dataset_gpt54_no_reasoning_p5_20260619_part02 --max_responses_total 16 --stage2_batch_size 16 --stage2_response_batch_size 1 --rate_limit_qps 0.5
[2026-06-19T23:24:38.0922973+05:30] END stage2_cycle_1_from_208
[2026-06-19T23:24:38.2323030+05:30] START stage3_cycle_1_from_208 output_log=C:\Users\anupk\Documents\git\A2UI\dataset\data\runs\dataset_gpt54_no_reasoning_p5_20260619_part02\stage3_cycle_1_from_208.output.log args=src/main.py --stage 3 --model azure_gpt54_benchmark --run_id dataset_gpt54_no_reasoning_p5_20260619_part02 --max_genui_total 16 --genui_batch_size 8 --rate_limit_qps 0.5
[2026-06-19T23:33:39.3351944+05:30] END stage3_cycle_1_from_208
[2026-06-19T23:33:39.5524174+05:30] START stage2_cycle_1_from_224 output_log=C:\Users\anupk\Documents\git\A2UI\dataset\data\runs\dataset_gpt54_no_reasoning_p5_20260619_part02\stage2_cycle_1_from_224.output.log args=src/main.py --stage 2 --model azure_gpt54_benchmark --run_id dataset_gpt54_no_reasoning_p5_20260619_part02 --max_responses_total 16 --stage2_batch_size 16 --stage2_response_batch_size 1 --rate_limit_qps 0.5
[2026-06-20T00:00:47.2923641+05:30] Cycle generation started run_id=dataset_gpt54_no_reasoning_p5_20260619_part02 model=azure_gpt54_benchmark target=4000 intent_count=32 k_per_intent=127
[2026-06-20T00:00:47.3009489+05:30] Prompts stage1=C:\Users\anupk\Documents\git\A2UI\dataset\data\runs\dataset_gpt54_no_reasoning_p5_20260619\_prompt_variants\query_gen_shard_02.md stage2=prompts/response_gen.md stage3=prompts/genui_gen_gemma_v12_structure_preserve.md prompt_cache=disabled reasoning=none mode=interleave_response_ir response_ir_chunk=16
[2026-06-20T00:00:47.4613899+05:30] CYCLE 1 counts before queries=1000 responses=224 genui=224
[2026-06-20T00:00:47.4662212+05:30] Interleave mode holding Stage1 until catch-up queries=1000 responses=224 genui=224
[2026-06-20T00:00:47.5371377+05:30] START stage2_cycle_1_from_224 output_log=C:\Users\anupk\Documents\git\A2UI\dataset\data\runs\dataset_gpt54_no_reasoning_p5_20260619_part02\stage2_cycle_1_from_224.output.log args=src/main.py --stage 2 --model azure_gpt54_benchmark --run_id dataset_gpt54_no_reasoning_p5_20260619_part02 --max_responses_total 16 --stage2_batch_size 16 --stage2_response_batch_size 1 --rate_limit_qps 0.5
