[2026-06-19T19:22:07.7065264+05:30] Cycle generation started run_id=dataset_gpt54_no_reasoning_p5_20260619_part05 model=azure_gpt54_benchmark target=4000 intent_count=32 k_per_intent=127
[2026-06-19T19:22:07.7193658+05:30] Prompts stage1=C:\Users\anupk\Documents\git\A2UI\dataset\data\runs\dataset_gpt54_no_reasoning_p5_20260619\_prompt_variants\query_gen_shard_05.md stage2=prompts/response_gen.md stage3=prompts/genui_gen_gemma_v12_structure_preserve.md prompt_cache=disabled reasoning=none
[2026-06-19T19:22:07.8793510+05:30] CYCLE 1 counts before queries=0 responses=0 genui=0
[2026-06-19T19:22:07.9553969+05:30] START stage1_cycle_1 output_log=C:\Users\anupk\Documents\git\A2UI\dataset\data\runs\dataset_gpt54_no_reasoning_p5_20260619_part05\stage1_cycle_1.output.log args=src/main.py --stage 1 --model azure_gpt54_benchmark --run_id dataset_gpt54_no_reasoning_p5_20260619_part05 --k_queries_per_intent 127 --max_queries_total 1000 --stage1_batch_size 16 --rate_limit_qps 0.5
[2026-06-19T20:06:31.3596707+05:30] END stage1_cycle_1
[2026-06-19T20:06:31.4069194+05:30] START stage2_cycle_1 output_log=C:\Users\anupk\Documents\git\A2UI\dataset\data\runs\dataset_gpt54_no_reasoning_p5_20260619_part05\stage2_cycle_1.output.log args=src/main.py --stage 2 --model azure_gpt54_benchmark --run_id dataset_gpt54_no_reasoning_p5_20260619_part05 --max_responses_total 1000 --stage2_batch_size 16 --stage2_response_batch_size 1 --rate_limit_qps 0.5
[2026-06-19T20:18:38.6154974+05:30] Cycle generation started run_id=dataset_gpt54_no_reasoning_p5_20260619_part05 model=azure_gpt54_benchmark target=4000 intent_count=32 k_per_intent=127
[2026-06-19T20:18:38.6298456+05:30] Prompts stage1=C:\Users\anupk\Documents\git\A2UI\dataset\data\runs\dataset_gpt54_no_reasoning_p5_20260619\_prompt_variants\query_gen_shard_05.md stage2=prompts/response_gen.md stage3=prompts/genui_gen_gemma_v12_structure_preserve.md prompt_cache=disabled reasoning=none mode=interleave_response_ir response_ir_chunk=16
[2026-06-19T20:18:38.8393049+05:30] CYCLE 1 counts before queries=1000 responses=32 genui=0
[2026-06-19T20:18:38.8503412+05:30] Interleave mode holding Stage1 until catch-up queries=1000 responses=32 genui=0
[2026-06-19T20:18:38.9362214+05:30] START stage2_cycle_1_from_32 output_log=C:\Users\anupk\Documents\git\A2UI\dataset\data\runs\dataset_gpt54_no_reasoning_p5_20260619_part05\stage2_cycle_1_from_32.output.log args=src/main.py --stage 2 --model azure_gpt54_benchmark --run_id dataset_gpt54_no_reasoning_p5_20260619_part05 --max_responses_total 16 --stage2_batch_size 16 --stage2_response_batch_size 1 --rate_limit_qps 0.5
[2026-06-19T20:22:52.3219499+05:30] END stage2_cycle_1_from_32
[2026-06-19T20:22:52.4694989+05:30] START stage3_cycle_1_from_0 output_log=C:\Users\anupk\Documents\git\A2UI\dataset\data\runs\dataset_gpt54_no_reasoning_p5_20260619_part05\stage3_cycle_1_from_0.output.log args=src/main.py --stage 3 --model azure_gpt54_benchmark --run_id dataset_gpt54_no_reasoning_p5_20260619_part05 --max_genui_total 16 --genui_batch_size 8 --rate_limit_qps 0.5
[2026-06-19T20:33:22.6013488+05:30] END stage3_cycle_1_from_0
[2026-06-19T20:33:22.6397317+05:30] START stage3_cycle_1_from_16 output_log=C:\Users\anupk\Documents\git\A2UI\dataset\data\runs\dataset_gpt54_no_reasoning_p5_20260619_part05\stage3_cycle_1_from_16.output.log args=src/main.py --stage 3 --model azure_gpt54_benchmark --run_id dataset_gpt54_no_reasoning_p5_20260619_part05 --max_genui_total 16 --genui_batch_size 8 --rate_limit_qps 0.5
[2026-06-19T20:43:52.2093948+05:30] END stage3_cycle_1_from_16
[2026-06-19T20:43:52.2633009+05:30] START stage3_cycle_1_from_32 output_log=C:\Users\anupk\Documents\git\A2UI\dataset\data\runs\dataset_gpt54_no_reasoning_p5_20260619_part05\stage3_cycle_1_from_32.output.log args=src/main.py --stage 3 --model azure_gpt54_benchmark --run_id dataset_gpt54_no_reasoning_p5_20260619_part05 --max_genui_total 16 --genui_batch_size 8 --rate_limit_qps 0.5
[2026-06-19T20:53:22.5266276+05:30] END stage3_cycle_1_from_32
[2026-06-19T20:53:22.6518481+05:30] START stage2_cycle_1_from_48 output_log=C:\Users\anupk\Documents\git\A2UI\dataset\data\runs\dataset_gpt54_no_reasoning_p5_20260619_part05\stage2_cycle_1_from_48.output.log args=src/main.py --stage 2 --model azure_gpt54_benchmark --run_id dataset_gpt54_no_reasoning_p5_20260619_part05 --max_responses_total 16 --stage2_batch_size 16 --stage2_response_batch_size 1 --rate_limit_qps 0.5
[2026-06-19T20:58:41.2459400+05:30] END stage2_cycle_1_from_48
[2026-06-19T20:58:41.3077555+05:30] START stage3_cycle_1_from_48 output_log=C:\Users\anupk\Documents\git\A2UI\dataset\data\runs\dataset_gpt54_no_reasoning_p5_20260619_part05\stage3_cycle_1_from_48.output.log args=src/main.py --stage 3 --model azure_gpt54_benchmark --run_id dataset_gpt54_no_reasoning_p5_20260619_part05 --max_genui_total 16 --genui_batch_size 8 --rate_limit_qps 0.5
[2026-06-19T21:08:44.0921702+05:30] END stage3_cycle_1_from_48
[2026-06-19T21:08:44.1921434+05:30] START stage2_cycle_1_from_64 output_log=C:\Users\anupk\Documents\git\A2UI\dataset\data\runs\dataset_gpt54_no_reasoning_p5_20260619_part05\stage2_cycle_1_from_64.output.log args=src/main.py --stage 2 --model azure_gpt54_benchmark --run_id dataset_gpt54_no_reasoning_p5_20260619_part05 --max_responses_total 16 --stage2_batch_size 16 --stage2_response_batch_size 1 --rate_limit_qps 0.5
[2026-06-19T21:13:07.6132898+05:30] END stage2_cycle_1_from_64
[2026-06-19T21:13:07.7130859+05:30] START stage3_cycle_1_from_64 output_log=C:\Users\anupk\Documents\git\A2UI\dataset\data\runs\dataset_gpt54_no_reasoning_p5_20260619_part05\stage3_cycle_1_from_64.output.log args=src/main.py --stage 3 --model azure_gpt54_benchmark --run_id dataset_gpt54_no_reasoning_p5_20260619_part05 --max_genui_total 16 --genui_batch_size 8 --rate_limit_qps 0.5
[2026-06-19T21:24:41.4472708+05:30] END stage3_cycle_1_from_64
[2026-06-19T21:24:41.6271507+05:30] START stage2_cycle_1_from_80 output_log=C:\Users\anupk\Documents\git\A2UI\dataset\data\runs\dataset_gpt54_no_reasoning_p5_20260619_part05\stage2_cycle_1_from_80.output.log args=src/main.py --stage 2 --model azure_gpt54_benchmark --run_id dataset_gpt54_no_reasoning_p5_20260619_part05 --max_responses_total 16 --stage2_batch_size 16 --stage2_response_batch_size 1 --rate_limit_qps 0.5
[2026-06-19T21:29:27.6513630+05:30] END stage2_cycle_1_from_80
[2026-06-19T21:29:27.7713643+05:30] START stage3_cycle_1_from_80 output_log=C:\Users\anupk\Documents\git\A2UI\dataset\data\runs\dataset_gpt54_no_reasoning_p5_20260619_part05\stage3_cycle_1_from_80.output.log args=src/main.py --stage 3 --model azure_gpt54_benchmark --run_id dataset_gpt54_no_reasoning_p5_20260619_part05 --max_genui_total 16 --genui_batch_size 8 --rate_limit_qps 0.5
[2026-06-19T21:39:47.7123565+05:30] END stage3_cycle_1_from_80
[2026-06-19T21:39:47.9309157+05:30] START stage2_cycle_1_from_96 output_log=C:\Users\anupk\Documents\git\A2UI\dataset\data\runs\dataset_gpt54_no_reasoning_p5_20260619_part05\stage2_cycle_1_from_96.output.log args=src/main.py --stage 2 --model azure_gpt54_benchmark --run_id dataset_gpt54_no_reasoning_p5_20260619_part05 --max_responses_total 16 --stage2_batch_size 16 --stage2_response_batch_size 1 --rate_limit_qps 0.5
[2026-06-19T21:44:38.8833404+05:30] END stage2_cycle_1_from_96
[2026-06-19T21:44:38.9975784+05:30] START stage3_cycle_1_from_96 output_log=C:\Users\anupk\Documents\git\A2UI\dataset\data\runs\dataset_gpt54_no_reasoning_p5_20260619_part05\stage3_cycle_1_from_96.output.log args=src/main.py --stage 3 --model azure_gpt54_benchmark --run_id dataset_gpt54_no_reasoning_p5_20260619_part05 --max_genui_total 16 --genui_batch_size 8 --rate_limit_qps 0.5
[2026-06-19T21:54:18.5332900+05:30] END stage3_cycle_1_from_96
[2026-06-19T21:54:18.6386977+05:30] START stage2_cycle_1_from_112 output_log=C:\Users\anupk\Documents\git\A2UI\dataset\data\runs\dataset_gpt54_no_reasoning_p5_20260619_part05\stage2_cycle_1_from_112.output.log args=src/main.py --stage 2 --model azure_gpt54_benchmark --run_id dataset_gpt54_no_reasoning_p5_20260619_part05 --max_responses_total 16 --stage2_batch_size 16 --stage2_response_batch_size 1 --rate_limit_qps 0.5
[2026-06-19T21:58:47.0914129+05:30] END stage2_cycle_1_from_112
[2026-06-19T21:58:47.2127757+05:30] START stage3_cycle_1_from_112 output_log=C:\Users\anupk\Documents\git\A2UI\dataset\data\runs\dataset_gpt54_no_reasoning_p5_20260619_part05\stage3_cycle_1_from_112.output.log args=src/main.py --stage 3 --model azure_gpt54_benchmark --run_id dataset_gpt54_no_reasoning_p5_20260619_part05 --max_genui_total 16 --genui_batch_size 8 --rate_limit_qps 0.5
[2026-06-19T22:09:13.4591935+05:30] END stage3_cycle_1_from_112
[2026-06-19T22:09:13.6322563+05:30] START stage2_cycle_1_from_128 output_log=C:\Users\anupk\Documents\git\A2UI\dataset\data\runs\dataset_gpt54_no_reasoning_p5_20260619_part05\stage2_cycle_1_from_128.output.log args=src/main.py --stage 2 --model azure_gpt54_benchmark --run_id dataset_gpt54_no_reasoning_p5_20260619_part05 --max_responses_total 16 --stage2_batch_size 16 --stage2_response_batch_size 1 --rate_limit_qps 0.5
[2026-06-19T22:14:02.5581469+05:30] END stage2_cycle_1_from_128
[2026-06-19T22:14:02.7011256+05:30] START stage3_cycle_1_from_128 output_log=C:\Users\anupk\Documents\git\A2UI\dataset\data\runs\dataset_gpt54_no_reasoning_p5_20260619_part05\stage3_cycle_1_from_128.output.log args=src/main.py --stage 3 --model azure_gpt54_benchmark --run_id dataset_gpt54_no_reasoning_p5_20260619_part05 --max_genui_total 16 --genui_batch_size 8 --rate_limit_qps 0.5
[2026-06-19T22:22:04.4504098+05:30] END stage3_cycle_1_from_128
[2026-06-19T22:22:04.5854730+05:30] START stage2_cycle_1_from_144 output_log=C:\Users\anupk\Documents\git\A2UI\dataset\data\runs\dataset_gpt54_no_reasoning_p5_20260619_part05\stage2_cycle_1_from_144.output.log args=src/main.py --stage 2 --model azure_gpt54_benchmark --run_id dataset_gpt54_no_reasoning_p5_20260619_part05 --max_responses_total 16 --stage2_batch_size 16 --stage2_response_batch_size 1 --rate_limit_qps 0.5
[2026-06-19T22:27:07.0579372+05:30] END stage2_cycle_1_from_144
[2026-06-19T22:27:07.2464617+05:30] START stage3_cycle_1_from_144 output_log=C:\Users\anupk\Documents\git\A2UI\dataset\data\runs\dataset_gpt54_no_reasoning_p5_20260619_part05\stage3_cycle_1_from_144.output.log args=src/main.py --stage 3 --model azure_gpt54_benchmark --run_id dataset_gpt54_no_reasoning_p5_20260619_part05 --max_genui_total 16 --genui_batch_size 8 --rate_limit_qps 0.5
[2026-06-19T22:36:12.2483359+05:30] END stage3_cycle_1_from_144
[2026-06-19T22:36:12.4264770+05:30] START stage2_cycle_1_from_160 output_log=C:\Users\anupk\Documents\git\A2UI\dataset\data\runs\dataset_gpt54_no_reasoning_p5_20260619_part05\stage2_cycle_1_from_160.output.log args=src/main.py --stage 2 --model azure_gpt54_benchmark --run_id dataset_gpt54_no_reasoning_p5_20260619_part05 --max_responses_total 16 --stage2_batch_size 16 --stage2_response_batch_size 1 --rate_limit_qps 0.5
[2026-06-19T22:41:06.8254266+05:30] END stage2_cycle_1_from_160
[2026-06-19T22:41:06.9657219+05:30] START stage3_cycle_1_from_160 output_log=C:\Users\anupk\Documents\git\A2UI\dataset\data\runs\dataset_gpt54_no_reasoning_p5_20260619_part05\stage3_cycle_1_from_160.output.log args=src/main.py --stage 3 --model azure_gpt54_benchmark --run_id dataset_gpt54_no_reasoning_p5_20260619_part05 --max_genui_total 16 --genui_batch_size 8 --rate_limit_qps 0.5
[2026-06-19T22:50:08.1764625+05:30] END stage3_cycle_1_from_160
[2026-06-19T22:50:08.3621985+05:30] START stage2_cycle_1_from_176 output_log=C:\Users\anupk\Documents\git\A2UI\dataset\data\runs\dataset_gpt54_no_reasoning_p5_20260619_part05\stage2_cycle_1_from_176.output.log args=src/main.py --stage 2 --model azure_gpt54_benchmark --run_id dataset_gpt54_no_reasoning_p5_20260619_part05 --max_responses_total 16 --stage2_batch_size 16 --stage2_response_batch_size 1 --rate_limit_qps 0.5
[2026-06-19T22:55:00.7827987+05:30] END stage2_cycle_1_from_176
[2026-06-19T22:55:01.1912259+05:30] START stage3_cycle_1_from_176 output_log=C:\Users\anupk\Documents\git\A2UI\dataset\data\runs\dataset_gpt54_no_reasoning_p5_20260619_part05\stage3_cycle_1_from_176.output.log args=src/main.py --stage 3 --model azure_gpt54_benchmark --run_id dataset_gpt54_no_reasoning_p5_20260619_part05 --max_genui_total 16 --genui_batch_size 8 --rate_limit_qps 0.5
[2026-06-19T23:03:52.5042234+05:30] END stage3_cycle_1_from_176
[2026-06-19T23:03:52.6365930+05:30] START stage2_cycle_1_from_192 output_log=C:\Users\anupk\Documents\git\A2UI\dataset\data\runs\dataset_gpt54_no_reasoning_p5_20260619_part05\stage2_cycle_1_from_192.output.log args=src/main.py --stage 2 --model azure_gpt54_benchmark --run_id dataset_gpt54_no_reasoning_p5_20260619_part05 --max_responses_total 16 --stage2_batch_size 16 --stage2_response_batch_size 1 --rate_limit_qps 0.5
[2026-06-19T23:08:48.7228893+05:30] END stage2_cycle_1_from_192
[2026-06-19T23:08:48.9604659+05:30] START stage3_cycle_1_from_192 output_log=C:\Users\anupk\Documents\git\A2UI\dataset\data\runs\dataset_gpt54_no_reasoning_p5_20260619_part05\stage3_cycle_1_from_192.output.log args=src/main.py --stage 3 --model azure_gpt54_benchmark --run_id dataset_gpt54_no_reasoning_p5_20260619_part05 --max_genui_total 16 --genui_batch_size 8 --rate_limit_qps 0.5
[2026-06-19T23:17:04.4572405+05:30] END stage3_cycle_1_from_192
[2026-06-19T23:17:04.6397849+05:30] START stage2_cycle_1_from_208 output_log=C:\Users\anupk\Documents\git\A2UI\dataset\data\runs\dataset_gpt54_no_reasoning_p5_20260619_part05\stage2_cycle_1_from_208.output.log args=src/main.py --stage 2 --model azure_gpt54_benchmark --run_id dataset_gpt54_no_reasoning_p5_20260619_part05 --max_responses_total 16 --stage2_batch_size 16 --stage2_response_batch_size 1 --rate_limit_qps 0.5
[2026-06-19T23:21:19.8556686+05:30] END stage2_cycle_1_from_208
[2026-06-19T23:21:19.9920837+05:30] START stage3_cycle_1_from_208 output_log=C:\Users\anupk\Documents\git\A2UI\dataset\data\runs\dataset_gpt54_no_reasoning_p5_20260619_part05\stage3_cycle_1_from_208.output.log args=src/main.py --stage 3 --model azure_gpt54_benchmark --run_id dataset_gpt54_no_reasoning_p5_20260619_part05 --max_genui_total 16 --genui_batch_size 8 --rate_limit_qps 0.5
[2026-06-19T23:29:05.5911670+05:30] END stage3_cycle_1_from_208
[2026-06-19T23:29:05.9957668+05:30] START stage2_cycle_1_from_224 output_log=C:\Users\anupk\Documents\git\A2UI\dataset\data\runs\dataset_gpt54_no_reasoning_p5_20260619_part05\stage2_cycle_1_from_224.output.log args=src/main.py --stage 2 --model azure_gpt54_benchmark --run_id dataset_gpt54_no_reasoning_p5_20260619_part05 --max_responses_total 16 --stage2_batch_size 16 --stage2_response_batch_size 1 --rate_limit_qps 0.5
[2026-06-19T23:33:40.3609600+05:30] END stage2_cycle_1_from_224
[2026-06-19T23:33:40.5703378+05:30] START stage3_cycle_1_from_224 output_log=C:\Users\anupk\Documents\git\A2UI\dataset\data\runs\dataset_gpt54_no_reasoning_p5_20260619_part05\stage3_cycle_1_from_224.output.log args=src/main.py --stage 3 --model azure_gpt54_benchmark --run_id dataset_gpt54_no_reasoning_p5_20260619_part05 --max_genui_total 16 --genui_batch_size 8 --rate_limit_qps 0.5
[2026-06-20T00:00:47.3909347+05:30] Cycle generation started run_id=dataset_gpt54_no_reasoning_p5_20260619_part05 model=azure_gpt54_benchmark target=4000 intent_count=32 k_per_intent=127
[2026-06-20T00:00:47.4009639+05:30] Prompts stage1=C:\Users\anupk\Documents\git\A2UI\dataset\data\runs\dataset_gpt54_no_reasoning_p5_20260619\_prompt_variants\query_gen_shard_05.md stage2=prompts/response_gen.md stage3=prompts/genui_gen_gemma_v12_structure_preserve.md prompt_cache=disabled reasoning=none mode=interleave_response_ir response_ir_chunk=16
[2026-06-20T00:00:47.5449784+05:30] CYCLE 1 counts before queries=1000 responses=240 genui=224
[2026-06-20T00:00:47.5496893+05:30] Interleave mode holding Stage1 until catch-up queries=1000 responses=240 genui=224
[2026-06-20T00:00:47.6542165+05:30] START stage2_cycle_1_from_240 output_log=C:\Users\anupk\Documents\git\A2UI\dataset\data\runs\dataset_gpt54_no_reasoning_p5_20260619_part05\stage2_cycle_1_from_240.output.log args=src/main.py --stage 2 --model azure_gpt54_benchmark --run_id dataset_gpt54_no_reasoning_p5_20260619_part05 --max_responses_total 16 --stage2_batch_size 16 --stage2_response_batch_size 1 --rate_limit_qps 0.5
