2026-02-07 00:26:00 INFO dataset: AB test start ON: ab_json_on20_20260206_185542
2026-02-07 00:26:10 INFO dataset: Stage3 created ui_id=u_000001_01 schema_ok=True
2026-02-07 00:26:30 INFO dataset: Stage3 created ui_id=u_000002_01 schema_ok=True
2026-02-07 00:26:36 INFO dataset: Stage3 created ui_id=u_000003_01 schema_ok=True
2026-02-07 00:26:40 INFO dataset: Stage3 created ui_id=u_000004_01 schema_ok=True
2026-02-07 00:26:59 INFO dataset: Stage3 created ui_id=u_000005_01 schema_ok=True
2026-02-07 00:27:04 INFO dataset: Stage3 created ui_id=u_000021_01 schema_ok=True
2026-02-07 00:27:24 INFO dataset: Stage3 created ui_id=u_000022_01 schema_ok=True
2026-02-07 00:27:47 INFO dataset: Stage3 created ui_id=u_000023_01 schema_ok=True
2026-02-07 00:28:05 INFO dataset: Stage3 created ui_id=u_000024_01 schema_ok=True
2026-02-07 00:28:10 INFO dataset: Stage3 created ui_id=u_000025_01 schema_ok=True
2026-02-07 00:28:15 INFO dataset: Stage3 created ui_id=u_000026_01 schema_ok=True
2026-02-07 00:28:35 INFO dataset: Stage3 created ui_id=u_000027_01 schema_ok=True
2026-02-07 00:28:40 INFO dataset: Stage3 created ui_id=u_000031_01 schema_ok=True
2026-02-07 00:28:58 INFO dataset: Stage3 created ui_id=u_000032_01 schema_ok=True
2026-02-07 00:29:02 INFO dataset: Stage3 created ui_id=u_000033_01 schema_ok=True
2026-02-07 00:29:08 INFO dataset: Stage3 created ui_id=u_000034_01 schema_ok=True
2026-02-07 00:29:14 INFO dataset: Stage3 created ui_id=u_000035_01 schema_ok=True
2026-02-07 00:29:20 INFO dataset: Stage3 created ui_id=u_000036_01 schema_ok=True
2026-02-07 00:29:38 INFO dataset: Stage3 created ui_id=u_000037_01 schema_ok=True
2026-02-07 00:29:40 INFO dataset: Stage3 created ui_id=u_000038_01 schema_ok=True
2026-02-07 00:29:40 INFO dataset: Stage3 aggregates stored at C:\Users\anupk\Documents\git\A2UI\dataset\data\runs\ab_json_on20_20260206_185542\aggregates.json
2026-02-18 00:23:36 INFO dataset: Stage4 HTTP server started on port 55022
2026-02-18 00:23:58 INFO dataset: Stage4 complete. Rendered outputs stored at C:\Users\anupk\Documents\git\A2UI\dataset\data\runs\ab_json_on20_20260206_185542\rendered
2026-02-18 01:34:46 INFO dataset: Stage4 HTTP server started on port 55479
2026-02-18 01:34:47 INFO dataset: Stage4 complete. Rendered outputs stored at C:\Users\anupk\Documents\git\A2UI\dataset\data\runs\ab_json_on20_20260206_185542\rendered
