[2026-06-19T19:22:07.6360388+05:30] Cycle generation started run_id=dataset_gpt54_no_reasoning_p5_20260619_part04 model=azure_gpt54_benchmark target=4000 intent_count=32 k_per_intent=127
[2026-06-19T19:22:07.6505273+05:30] Prompts stage1=C:\Users\anupk\Documents\git\A2UI\dataset\data\runs\dataset_gpt54_no_reasoning_p5_20260619\_prompt_variants\query_gen_shard_04.md stage2=prompts/response_gen.md stage3=prompts/genui_gen_gemma_v12_structure_preserve.md prompt_cache=disabled reasoning=none
[2026-06-19T19:22:07.7719685+05:30] CYCLE 1 counts before queries=0 responses=0 genui=0
[2026-06-19T19:22:07.8494630+05:30] START stage1_cycle_1 output_log=C:\Users\anupk\Documents\git\A2UI\dataset\data\runs\dataset_gpt54_no_reasoning_p5_20260619_part04\stage1_cycle_1.output.log args=src/main.py --stage 1 --model azure_gpt54_benchmark --run_id dataset_gpt54_no_reasoning_p5_20260619_part04 --k_queries_per_intent 127 --max_queries_total 1000 --stage1_batch_size 16 --rate_limit_qps 0.5
[2026-06-19T20:06:21.1173787+05:30] END stage1_cycle_1
[2026-06-19T20:06:21.1476276+05:30] START stage2_cycle_1 output_log=C:\Users\anupk\Documents\git\A2UI\dataset\data\runs\dataset_gpt54_no_reasoning_p5_20260619_part04\stage2_cycle_1.output.log args=src/main.py --stage 2 --model azure_gpt54_benchmark --run_id dataset_gpt54_no_reasoning_p5_20260619_part04 --max_responses_total 1000 --stage2_batch_size 16 --stage2_response_batch_size 1 --rate_limit_qps 0.5
[2026-06-19T20:18:38.5375227+05:30] Cycle generation started run_id=dataset_gpt54_no_reasoning_p5_20260619_part04 model=azure_gpt54_benchmark target=4000 intent_count=32 k_per_intent=127
[2026-06-19T20:18:38.5534171+05:30] Prompts stage1=C:\Users\anupk\Documents\git\A2UI\dataset\data\runs\dataset_gpt54_no_reasoning_p5_20260619\_prompt_variants\query_gen_shard_04.md stage2=prompts/response_gen.md stage3=prompts/genui_gen_gemma_v12_structure_preserve.md prompt_cache=disabled reasoning=none mode=interleave_response_ir response_ir_chunk=16
[2026-06-19T20:18:38.7438044+05:30] CYCLE 1 counts before queries=1000 responses=31 genui=0
[2026-06-19T20:18:38.7506976+05:30] Interleave mode holding Stage1 until catch-up queries=1000 responses=31 genui=0
[2026-06-19T20:18:38.8265190+05:30] START stage2_cycle_1_from_31 output_log=C:\Users\anupk\Documents\git\A2UI\dataset\data\runs\dataset_gpt54_no_reasoning_p5_20260619_part04\stage2_cycle_1_from_31.output.log args=src/main.py --stage 2 --model azure_gpt54_benchmark --run_id dataset_gpt54_no_reasoning_p5_20260619_part04 --max_responses_total 16 --stage2_batch_size 16 --stage2_response_batch_size 1 --rate_limit_qps 0.5
[2026-06-19T20:23:21.5625438+05:30] END stage2_cycle_1_from_31
[2026-06-19T20:23:21.6555910+05:30] START stage3_cycle_1_from_0 output_log=C:\Users\anupk\Documents\git\A2UI\dataset\data\runs\dataset_gpt54_no_reasoning_p5_20260619_part04\stage3_cycle_1_from_0.output.log args=src/main.py --stage 3 --model azure_gpt54_benchmark --run_id dataset_gpt54_no_reasoning_p5_20260619_part04 --max_genui_total 16 --genui_batch_size 8 --rate_limit_qps 0.5
[2026-06-19T20:34:00.8782271+05:30] END stage3_cycle_1_from_0
[2026-06-19T20:34:00.9033564+05:30] START stage3_cycle_1_from_16 output_log=C:\Users\anupk\Documents\git\A2UI\dataset\data\runs\dataset_gpt54_no_reasoning_p5_20260619_part04\stage3_cycle_1_from_16.output.log args=src/main.py --stage 3 --model azure_gpt54_benchmark --run_id dataset_gpt54_no_reasoning_p5_20260619_part04 --max_genui_total 16 --genui_batch_size 8 --rate_limit_qps 0.5
[2026-06-19T20:42:58.4255302+05:30] END stage3_cycle_1_from_16
[2026-06-19T20:42:58.5294872+05:30] START stage3_cycle_1_from_32 output_log=C:\Users\anupk\Documents\git\A2UI\dataset\data\runs\dataset_gpt54_no_reasoning_p5_20260619_part04\stage3_cycle_1_from_32.output.log args=src/main.py --stage 3 --model azure_gpt54_benchmark --run_id dataset_gpt54_no_reasoning_p5_20260619_part04 --max_genui_total 15 --genui_batch_size 8 --rate_limit_qps 0.5
[2026-06-19T20:52:45.2434399+05:30] END stage3_cycle_1_from_32
[2026-06-19T20:52:45.3306913+05:30] START stage2_cycle_1_from_47 output_log=C:\Users\anupk\Documents\git\A2UI\dataset\data\runs\dataset_gpt54_no_reasoning_p5_20260619_part04\stage2_cycle_1_from_47.output.log args=src/main.py --stage 2 --model azure_gpt54_benchmark --run_id dataset_gpt54_no_reasoning_p5_20260619_part04 --max_responses_total 16 --stage2_batch_size 16 --stage2_response_batch_size 1 --rate_limit_qps 0.5
[2026-06-19T20:57:21.2875489+05:30] END stage2_cycle_1_from_47
[2026-06-19T20:57:21.3853776+05:30] START stage3_cycle_1_from_47 output_log=C:\Users\anupk\Documents\git\A2UI\dataset\data\runs\dataset_gpt54_no_reasoning_p5_20260619_part04\stage3_cycle_1_from_47.output.log args=src/main.py --stage 3 --model azure_gpt54_benchmark --run_id dataset_gpt54_no_reasoning_p5_20260619_part04 --max_genui_total 16 --genui_batch_size 8 --rate_limit_qps 0.5
[2026-06-19T21:09:28.7543064+05:30] END stage3_cycle_1_from_47
[2026-06-19T21:09:28.8723169+05:30] START stage2_cycle_1_from_63 output_log=C:\Users\anupk\Documents\git\A2UI\dataset\data\runs\dataset_gpt54_no_reasoning_p5_20260619_part04\stage2_cycle_1_from_63.output.log args=src/main.py --stage 2 --model azure_gpt54_benchmark --run_id dataset_gpt54_no_reasoning_p5_20260619_part04 --max_responses_total 16 --stage2_batch_size 16 --stage2_response_batch_size 1 --rate_limit_qps 0.5
[2026-06-19T21:13:33.0518217+05:30] END stage2_cycle_1_from_63
[2026-06-19T21:13:33.1503434+05:30] START stage3_cycle_1_from_63 output_log=C:\Users\anupk\Documents\git\A2UI\dataset\data\runs\dataset_gpt54_no_reasoning_p5_20260619_part04\stage3_cycle_1_from_63.output.log args=src/main.py --stage 3 --model azure_gpt54_benchmark --run_id dataset_gpt54_no_reasoning_p5_20260619_part04 --max_genui_total 16 --genui_batch_size 8 --rate_limit_qps 0.5
[2026-06-19T21:24:37.0717371+05:30] END stage3_cycle_1_from_63
[2026-06-19T21:24:37.2045043+05:30] START stage2_cycle_1_from_79 output_log=C:\Users\anupk\Documents\git\A2UI\dataset\data\runs\dataset_gpt54_no_reasoning_p5_20260619_part04\stage2_cycle_1_from_79.output.log args=src/main.py --stage 2 --model azure_gpt54_benchmark --run_id dataset_gpt54_no_reasoning_p5_20260619_part04 --max_responses_total 16 --stage2_batch_size 16 --stage2_response_batch_size 1 --rate_limit_qps 0.5
[2026-06-19T21:29:11.0274557+05:30] END stage2_cycle_1_from_79
[2026-06-19T21:29:11.1210449+05:30] START stage3_cycle_1_from_79 output_log=C:\Users\anupk\Documents\git\A2UI\dataset\data\runs\dataset_gpt54_no_reasoning_p5_20260619_part04\stage3_cycle_1_from_79.output.log args=src/main.py --stage 3 --model azure_gpt54_benchmark --run_id dataset_gpt54_no_reasoning_p5_20260619_part04 --max_genui_total 16 --genui_batch_size 8 --rate_limit_qps 0.5
[2026-06-19T21:37:56.2571802+05:30] END stage3_cycle_1_from_79
[2026-06-19T21:37:56.4158339+05:30] START stage2_cycle_1_from_95 output_log=C:\Users\anupk\Documents\git\A2UI\dataset\data\runs\dataset_gpt54_no_reasoning_p5_20260619_part04\stage2_cycle_1_from_95.output.log args=src/main.py --stage 2 --model azure_gpt54_benchmark --run_id dataset_gpt54_no_reasoning_p5_20260619_part04 --max_responses_total 16 --stage2_batch_size 16 --stage2_response_batch_size 1 --rate_limit_qps 0.5
[2026-06-19T21:42:52.4259274+05:30] END stage2_cycle_1_from_95
[2026-06-19T21:42:52.5059823+05:30] START stage3_cycle_1_from_95 output_log=C:\Users\anupk\Documents\git\A2UI\dataset\data\runs\dataset_gpt54_no_reasoning_p5_20260619_part04\stage3_cycle_1_from_95.output.log args=src/main.py --stage 3 --model azure_gpt54_benchmark --run_id dataset_gpt54_no_reasoning_p5_20260619_part04 --max_genui_total 16 --genui_batch_size 8 --rate_limit_qps 0.5
[2026-06-19T21:53:22.2724172+05:30] END stage3_cycle_1_from_95
[2026-06-19T21:53:22.4355693+05:30] START stage2_cycle_1_from_111 output_log=C:\Users\anupk\Documents\git\A2UI\dataset\data\runs\dataset_gpt54_no_reasoning_p5_20260619_part04\stage2_cycle_1_from_111.output.log args=src/main.py --stage 2 --model azure_gpt54_benchmark --run_id dataset_gpt54_no_reasoning_p5_20260619_part04 --max_responses_total 16 --stage2_batch_size 16 --stage2_response_batch_size 1 --rate_limit_qps 0.5
[2026-06-19T21:57:37.9880504+05:30] END stage2_cycle_1_from_111
[2026-06-19T21:57:38.0885515+05:30] START stage3_cycle_1_from_111 output_log=C:\Users\anupk\Documents\git\A2UI\dataset\data\runs\dataset_gpt54_no_reasoning_p5_20260619_part04\stage3_cycle_1_from_111.output.log args=src/main.py --stage 3 --model azure_gpt54_benchmark --run_id dataset_gpt54_no_reasoning_p5_20260619_part04 --max_genui_total 16 --genui_batch_size 8 --rate_limit_qps 0.5
[2026-06-19T22:06:31.1783717+05:30] END stage3_cycle_1_from_111
[2026-06-19T22:06:31.3830435+05:30] START stage2_cycle_1_from_127 output_log=C:\Users\anupk\Documents\git\A2UI\dataset\data\runs\dataset_gpt54_no_reasoning_p5_20260619_part04\stage2_cycle_1_from_127.output.log args=src/main.py --stage 2 --model azure_gpt54_benchmark --run_id dataset_gpt54_no_reasoning_p5_20260619_part04 --max_responses_total 16 --stage2_batch_size 16 --stage2_response_batch_size 1 --rate_limit_qps 0.5
[2026-06-19T22:11:19.9367102+05:30] END stage2_cycle_1_from_127
[2026-06-19T22:11:20.0718228+05:30] START stage3_cycle_1_from_127 output_log=C:\Users\anupk\Documents\git\A2UI\dataset\data\runs\dataset_gpt54_no_reasoning_p5_20260619_part04\stage3_cycle_1_from_127.output.log args=src/main.py --stage 3 --model azure_gpt54_benchmark --run_id dataset_gpt54_no_reasoning_p5_20260619_part04 --max_genui_total 16 --genui_batch_size 8 --rate_limit_qps 0.5
[2026-06-19T22:20:05.9589147+05:30] END stage3_cycle_1_from_127
[2026-06-19T22:20:06.0793180+05:30] START stage2_cycle_1_from_143 output_log=C:\Users\anupk\Documents\git\A2UI\dataset\data\runs\dataset_gpt54_no_reasoning_p5_20260619_part04\stage2_cycle_1_from_143.output.log args=src/main.py --stage 2 --model azure_gpt54_benchmark --run_id dataset_gpt54_no_reasoning_p5_20260619_part04 --max_responses_total 16 --stage2_batch_size 16 --stage2_response_batch_size 1 --rate_limit_qps 0.5
[2026-06-19T22:25:02.4018485+05:30] END stage2_cycle_1_from_143
[2026-06-19T22:25:02.5638708+05:30] START stage3_cycle_1_from_143 output_log=C:\Users\anupk\Documents\git\A2UI\dataset\data\runs\dataset_gpt54_no_reasoning_p5_20260619_part04\stage3_cycle_1_from_143.output.log args=src/main.py --stage 3 --model azure_gpt54_benchmark --run_id dataset_gpt54_no_reasoning_p5_20260619_part04 --max_genui_total 16 --genui_batch_size 8 --rate_limit_qps 0.5
[2026-06-19T22:32:58.1670539+05:30] END stage3_cycle_1_from_143
[2026-06-19T22:32:58.3879580+05:30] START stage2_cycle_1_from_159 output_log=C:\Users\anupk\Documents\git\A2UI\dataset\data\runs\dataset_gpt54_no_reasoning_p5_20260619_part04\stage2_cycle_1_from_159.output.log args=src/main.py --stage 2 --model azure_gpt54_benchmark --run_id dataset_gpt54_no_reasoning_p5_20260619_part04 --max_responses_total 16 --stage2_batch_size 16 --stage2_response_batch_size 1 --rate_limit_qps 0.5
[2026-06-19T22:38:15.9548549+05:30] END stage2_cycle_1_from_159
[2026-06-19T22:38:16.1380120+05:30] START stage3_cycle_1_from_159 output_log=C:\Users\anupk\Documents\git\A2UI\dataset\data\runs\dataset_gpt54_no_reasoning_p5_20260619_part04\stage3_cycle_1_from_159.output.log args=src/main.py --stage 3 --model azure_gpt54_benchmark --run_id dataset_gpt54_no_reasoning_p5_20260619_part04 --max_genui_total 16 --genui_batch_size 8 --rate_limit_qps 0.5
[2026-06-19T22:46:30.2840866+05:30] END stage3_cycle_1_from_159
[2026-06-19T22:46:30.5341283+05:30] START stage2_cycle_1_from_175 output_log=C:\Users\anupk\Documents\git\A2UI\dataset\data\runs\dataset_gpt54_no_reasoning_p5_20260619_part04\stage2_cycle_1_from_175.output.log args=src/main.py --stage 2 --model azure_gpt54_benchmark --run_id dataset_gpt54_no_reasoning_p5_20260619_part04 --max_responses_total 16 --stage2_batch_size 16 --stage2_response_batch_size 1 --rate_limit_qps 0.5
[2026-06-19T22:50:41.2752675+05:30] END stage2_cycle_1_from_175
[2026-06-19T22:50:41.4930537+05:30] START stage3_cycle_1_from_175 output_log=C:\Users\anupk\Documents\git\A2UI\dataset\data\runs\dataset_gpt54_no_reasoning_p5_20260619_part04\stage3_cycle_1_from_175.output.log args=src/main.py --stage 3 --model azure_gpt54_benchmark --run_id dataset_gpt54_no_reasoning_p5_20260619_part04 --max_genui_total 16 --genui_batch_size 8 --rate_limit_qps 0.5
[2026-06-19T22:59:25.5058557+05:30] END stage3_cycle_1_from_175
[2026-06-19T22:59:25.7441018+05:30] START stage2_cycle_1_from_191 output_log=C:\Users\anupk\Documents\git\A2UI\dataset\data\runs\dataset_gpt54_no_reasoning_p5_20260619_part04\stage2_cycle_1_from_191.output.log args=src/main.py --stage 2 --model azure_gpt54_benchmark --run_id dataset_gpt54_no_reasoning_p5_20260619_part04 --max_responses_total 16 --stage2_batch_size 16 --stage2_response_batch_size 1 --rate_limit_qps 0.5
[2026-06-19T23:03:28.7612262+05:30] END stage2_cycle_1_from_191
[2026-06-19T23:03:28.8631208+05:30] START stage3_cycle_1_from_191 output_log=C:\Users\anupk\Documents\git\A2UI\dataset\data\runs\dataset_gpt54_no_reasoning_p5_20260619_part04\stage3_cycle_1_from_191.output.log args=src/main.py --stage 3 --model azure_gpt54_benchmark --run_id dataset_gpt54_no_reasoning_p5_20260619_part04 --max_genui_total 16 --genui_batch_size 8 --rate_limit_qps 0.5
[2026-06-19T23:10:50.9146472+05:30] END stage3_cycle_1_from_191
[2026-06-19T23:10:51.0601185+05:30] START stage2_cycle_1_from_207 output_log=C:\Users\anupk\Documents\git\A2UI\dataset\data\runs\dataset_gpt54_no_reasoning_p5_20260619_part04\stage2_cycle_1_from_207.output.log args=src/main.py --stage 2 --model azure_gpt54_benchmark --run_id dataset_gpt54_no_reasoning_p5_20260619_part04 --max_responses_total 16 --stage2_batch_size 16 --stage2_response_batch_size 1 --rate_limit_qps 0.5
[2026-06-19T23:15:15.0938078+05:30] END stage2_cycle_1_from_207
[2026-06-19T23:15:15.9104790+05:30] START stage3_cycle_1_from_207 output_log=C:\Users\anupk\Documents\git\A2UI\dataset\data\runs\dataset_gpt54_no_reasoning_p5_20260619_part04\stage3_cycle_1_from_207.output.log args=src/main.py --stage 3 --model azure_gpt54_benchmark --run_id dataset_gpt54_no_reasoning_p5_20260619_part04 --max_genui_total 16 --genui_batch_size 8 --rate_limit_qps 0.5
[2026-06-19T23:23:50.4504687+05:30] END stage3_cycle_1_from_207
[2026-06-19T23:23:50.6043216+05:30] START stage2_cycle_1_from_223 output_log=C:\Users\anupk\Documents\git\A2UI\dataset\data\runs\dataset_gpt54_no_reasoning_p5_20260619_part04\stage2_cycle_1_from_223.output.log args=src/main.py --stage 2 --model azure_gpt54_benchmark --run_id dataset_gpt54_no_reasoning_p5_20260619_part04 --max_responses_total 16 --stage2_batch_size 16 --stage2_response_batch_size 1 --rate_limit_qps 0.5
[2026-06-19T23:28:15.0617394+05:30] END stage2_cycle_1_from_223
[2026-06-19T23:28:15.3330991+05:30] START stage3_cycle_1_from_223 output_log=C:\Users\anupk\Documents\git\A2UI\dataset\data\runs\dataset_gpt54_no_reasoning_p5_20260619_part04\stage3_cycle_1_from_223.output.log args=src/main.py --stage 3 --model azure_gpt54_benchmark --run_id dataset_gpt54_no_reasoning_p5_20260619_part04 --max_genui_total 16 --genui_batch_size 8 --rate_limit_qps 0.5
[2026-06-20T00:00:47.3694312+05:30] Cycle generation started run_id=dataset_gpt54_no_reasoning_p5_20260619_part04 model=azure_gpt54_benchmark target=4000 intent_count=32 k_per_intent=127
[2026-06-20T00:00:47.3805401+05:30] Prompts stage1=C:\Users\anupk\Documents\git\A2UI\dataset\data\runs\dataset_gpt54_no_reasoning_p5_20260619\_prompt_variants\query_gen_shard_04.md stage2=prompts/response_gen.md stage3=prompts/genui_gen_gemma_v12_structure_preserve.md prompt_cache=disabled reasoning=none mode=interleave_response_ir response_ir_chunk=16
[2026-06-20T00:00:47.5323949+05:30] CYCLE 1 counts before queries=1000 responses=239 genui=231
[2026-06-20T00:00:47.5360821+05:30] Interleave mode holding Stage1 until catch-up queries=1000 responses=239 genui=231
[2026-06-20T00:00:47.6329463+05:30] START stage2_cycle_1_from_239 output_log=C:\Users\anupk\Documents\git\A2UI\dataset\data\runs\dataset_gpt54_no_reasoning_p5_20260619_part04\stage2_cycle_1_from_239.output.log args=src/main.py --stage 2 --model azure_gpt54_benchmark --run_id dataset_gpt54_no_reasoning_p5_20260619_part04 --max_responses_total 16 --stage2_batch_size 16 --stage2_response_batch_size 1 --rate_limit_qps 0.5
