INSTRUMENTATION_STATUS: class=com.samsung.genuicraft.GenUiGemmaThroughputTest
INSTRUMENTATION_STATUS: current=1
INSTRUMENTATION_STATUS: id=AndroidJUnitRunner
INSTRUMENTATION_STATUS: numtests=1
INSTRUMENTATION_STATUS: stream=
com.samsung.genuicraft.GenUiGemmaThroughputTest:
INSTRUMENTATION_STATUS: test=measuresCapturedSdkPromptThroughput
INSTRUMENTATION_STATUS_CODE: 1
INSTRUMENTATION_STATUS: stream=BXP-003 throughput started (1/3)

INSTRUMENTATION_STATUS_CODE: 0
INSTRUMENTATION_STATUS: stream=BXP-003 57.62422665190989 native decode tok/s (1/3)

INSTRUMENTATION_STATUS_CODE: 0
INSTRUMENTATION_STATUS: stream=BXP-030 throughput started (2/3)

INSTRUMENTATION_STATUS_CODE: 0
INSTRUMENTATION_STATUS: stream=BXP-030 30.7753013654492 native decode tok/s (2/3)

INSTRUMENTATION_STATUS_CODE: 0
INSTRUMENTATION_STATUS: stream=BXP-047 throughput started (3/3)

INSTRUMENTATION_STATUS_CODE: 0
INSTRUMENTATION_STATUS: stream=BXP-047 31.9921856945843 native decode tok/s (3/3)

INSTRUMENTATION_STATUS_CODE: 0
INSTRUMENTATION_STATUS: class=com.samsung.genuicraft.GenUiGemmaThroughputTest
INSTRUMENTATION_STATUS: current=1
INSTRUMENTATION_STATUS: id=AndroidJUnitRunner
INSTRUMENTATION_STATUS: numtests=1
INSTRUMENTATION_STATUS: stream=.
INSTRUMENTATION_STATUS: test=measuresCapturedSdkPromptThroughput
INSTRUMENTATION_STATUS_CODE: 0
INSTRUMENTATION_RESULT: stream=

Time: 148.341

OK (1 test)


INSTRUMENTATION_CODE: -1
